Component: ARM Compiler 5.06 update 1 (build 61) Tool: armlink [4d35a8]

==============================================================================

Section Cross References

    motor.o(i.Encoder_Config) refers to stm32f4xx_rcc.o(i.RCC_AHB1PeriphClockCmd) for RCC_AHB1PeriphClockCmd
    motor.o(i.Encoder_Config) refers to stm32f4xx_rcc.o(i.RCC_APB1PeriphClockCmd) for RCC_APB1PeriphClockCmd
    motor.o(i.Encoder_Config) refers to stm32f4xx_gpio.o(i.GPIO_Init) for GPIO_Init
    motor.o(i.Encoder_Config) refers to stm32f4xx_gpio.o(i.GPIO_PinAFConfig) for GPIO_PinAFConfig
    motor.o(i.Encoder_Config) refers to stm32f4xx_tim.o(i.TIM_TimeBaseInit) for TIM_TimeBaseInit
    motor.o(i.Encoder_Config) refers to stm32f4xx_tim.o(i.TIM_ICInit) for TIM_ICInit
    motor.o(i.Encoder_Config) refers to stm32f4xx_tim.o(i.TIM_EncoderInterfaceConfig) for TIM_EncoderInterfaceConfig
    motor.o(i.Encoder_Config) refers to stm32f4xx_tim.o(i.TIM_SetCounter) for TIM_SetCounter
    motor.o(i.GPIO_Config) refers to stm32f4xx_rcc.o(i.RCC_AHB1PeriphClockCmd) for RCC_AHB1PeriphClockCmd
    motor.o(i.GPIO_Config) refers to stm32f4xx_gpio.o(i.GPIO_Init) for GPIO_Init
    motor.o(i.MotorGetPulse) refers to stm32f4xx_tim.o(i.TIM_GetCounter) for TIM_GetCounter
    motor.o(i.MotorInit) refers to stm32f4xx_tim.o(i.TIM_SetCounter) for TIM_SetCounter
    motor.o(i.MotorInit) refers to pid.o(i.PIDReset) for PIDReset
    motor.o(i.MotorInit) refers to motor.o(i.MotorSetDir) for MotorSetDir
    motor.o(i.MotorInit) refers to motor.o(.bss) for tPIDControl
    motor.o(i.MotorMoveVel) refers to motor.o(i.MotorGetPulse) for MotorGetPulse
    motor.o(i.MotorMoveVel) refers to motor.o(i.ConvertVelToPulse) for ConvertVelToPulse
    motor.o(i.MotorMoveVel) refers to pid.o(i.PIDCompute) for PIDCompute
    motor.o(i.MotorMoveVel) refers to motor.o(i.MotorSetDir) for MotorSetDir
    motor.o(i.MotorMoveVel) refers to motor.o(i.MotorSetDuty) for MotorSetDuty
    motor.o(i.MotorMoveVel) refers to motor.o(i.ConvertPulseToVel) for ConvertPulseToVel
    motor.o(i.MotorMoveVel) refers to motor.o(.data) for g_nPrePulse
    motor.o(i.MotorMoveVel) refers to motor.o(.bss) for tPIDControl
    motor.o(i.MotorReset) refers to stm32f4xx_tim.o(i.TIM_Cmd) for TIM_Cmd
    motor.o(i.MotorReset) refers to stm32f4xx_tim.o(i.TIM_SetCounter) for TIM_SetCounter
    motor.o(i.MotorReset) refers to pid.o(i.PIDReset) for PIDReset
    motor.o(i.MotorReset) refers to motor.o(i.MotorSetDir) for MotorSetDir
    motor.o(i.MotorReset) refers to motor.o(.bss) for tPIDControl
    motor.o(i.MotorReset) refers to motor.o(.data) for g_nCmdPulse
    motor.o(i.MotorSetDir) refers to stm32f4xx_gpio.o(i.GPIO_ResetBits) for GPIO_ResetBits
    motor.o(i.MotorSetDir) refers to stm32f4xx_gpio.o(i.GPIO_SetBits) for GPIO_SetBits
    motor.o(i.MotorStart) refers to stm32f4xx_tim.o(i.TIM_Cmd) for TIM_Cmd
    motor.o(i.PWM_Init) refers to stm32f4xx_tim.o(i.TIM_TimeBaseInit) for TIM_TimeBaseInit
    motor.o(i.PWM_Init) refers to stm32f4xx_tim.o(i.TIM_OC1Init) for TIM_OC1Init
    motor.o(i.PWM_Init) refers to stm32f4xx_tim.o(i.TIM_OC1PreloadConfig) for TIM_OC1PreloadConfig
    motor.o(i.PWM_Init) refers to system_stm32f4xx.o(.data) for SystemCoreClock
    motor.o(i.TIM3_GPIOC_Config) refers to stm32f4xx_rcc.o(i.RCC_APB1PeriphClockCmd) for RCC_APB1PeriphClockCmd
    motor.o(i.TIM3_GPIOC_Config) refers to stm32f4xx_rcc.o(i.RCC_AHB1PeriphClockCmd) for RCC_AHB1PeriphClockCmd
    motor.o(i.TIM3_GPIOC_Config) refers to stm32f4xx_gpio.o(i.GPIO_Init) for GPIO_Init
    motor.o(i.TIM3_GPIOC_Config) refers to stm32f4xx_gpio.o(i.GPIO_PinAFConfig) for GPIO_PinAFConfig
    serial.o(i.DMA1_Stream2_IRQHandler) refers to h1_alloc.o(.text) for malloc
    serial.o(i.DMA1_Stream2_IRQHandler) refers to serial.o(i.SerialReadComm) for SerialReadComm
    serial.o(i.DMA1_Stream2_IRQHandler) refers to serial.o(i.StrCompare) for StrCompare
    serial.o(i.DMA1_Stream2_IRQHandler) refers to serial.o(i.SerialWriteComm) for SerialWriteComm
    serial.o(i.DMA1_Stream2_IRQHandler) refers to h1_free.o(.text) for free
    serial.o(i.DMA1_Stream2_IRQHandler) refers to stm32f4xx_dma.o(i.DMA_ClearITPendingBit) for DMA_ClearITPendingBit
    serial.o(i.DMA1_Stream2_IRQHandler) refers to stm32f4xx_dma.o(i.DMA_Cmd) for DMA_Cmd
    serial.o(i.DMA1_Stream2_IRQHandler) refers to serial.o(.bss) for rxbuff
    serial.o(i.DMA1_Stream2_IRQHandler) refers to motor.o(.data) for tProcess
    serial.o(i.DMA1_Stream2_IRQHandler) refers to serial.o(.data) for recieve_flag
    serial.o(i.DMA_User_Init) refers to stm32f4xx_rcc.o(i.RCC_AHB1PeriphClockCmd) for RCC_AHB1PeriphClockCmd
    serial.o(i.DMA_User_Init) refers to stm32f4xx_dma.o(i.DMA_Init) for DMA_Init
    serial.o(i.DMA_User_Init) refers to stm32f4xx_dma.o(i.DMA_Cmd) for DMA_Cmd
    serial.o(i.DMA_User_Init) refers to misc.o(i.NVIC_Init) for NVIC_Init
    serial.o(i.DMA_User_Init) refers to stm32f4xx_dma.o(i.DMA_ITConfig) for DMA_ITConfig
[...]
    ../fplib/dcheck1.s                       0x00000000   Number         0  dcheck1.o ABSOLUTE
    ../fplib/dcmpi.s                         0x00000000   Number         0  dcmpi.o ABSOLUTE
    ../fplib/ddiv.s                          0x00000000   Number         0  ddiv.o ABSOLUTE
    ../fplib/dflt.s                          0x00000000   Number         0  dflt_clz.o ABSOLUTE
    ../fplib/dleqf.s                         0x00000000   Number         0  dleqf.o ABSOLUTE
    ../fplib/dmul.s                          0x00000000   Number         0  dmul.o ABSOLUTE
    ../fplib/dnaninf.s                       0x00000000   Number         0  dnaninf.o ABSOLUTE
    ../fplib/dretinf.s                       0x00000000   Number         0  dretinf.o ABSOLUTE
    ../fplib/drleqf.s                        0x00000000   Number         0  drleqf.o ABSOLUTE
    ../fplib/dsqrt.s                         0x00000000   Number         0  dsqrt_umaal.o ABSOLUTE
    ../fplib/f2d.s                           0x00000000   Number         0  f2d.o ABSOLUTE
    ../fplib/fnaninf.s                       0x00000000   Number         0  fnaninf.o ABSOLUTE
    ../fplib/fpinit.s                        0x00000000   Number         0  fpinit.o ABSOLUTE
    ../fplib/fretinf.s                       0x00000000   Number         0  fretinf.o ABSOLUTE
    ../fplib/retnan.s                        0x00000000   Number         0  retnan.o ABSOLUTE
    ../fplib/scalbn.s                        0x00000000   Number         0  scalbn.o ABSOLUTE
    ../fplib/trapv.s                         0x00000000   Number         0  trapv.o ABSOLUTE
    ../fplib/usenofp.s                       0x00000000   Number         0  usenofp.o ABSOLUTE
    ../mathlib/dunder.c                      0x00000000   Number         0  dunder.o ABSOLUTE
    ../mathlib/fabs.c                        0x00000000   Number         0  fabs.o ABSOLUTE
    ../mathlib/fpclassify.c                  0x00000000   Number         0  fpclassify.o ABSOLUTE
    ../mathlib/poly.c                        0x00000000   Number         0  poly.o ABSOLUTE
    ../mathlib/pow.c                         0x00000000   Number         0  pow.o ABSOLUTE
    ../mathlib/pow.c                         0x00000000   Number         0  pow_x.o ABSOLUTE
    ../mathlib/qnan.c                        0x00000000   Number         0  qnan.o ABSOLUTE
    ../mathlib/sqrt.c                        0x00000000   Number         0  sqrt_x.o ABSOLUTE
    ../mathlib/sqrt.c                        0x00000000   Number         0  sqrt.o ABSOLUTE
    STM32F4xx_StdPeriph_Driver\\src\\misc.c  0x00000000   Number         0  misc.o ABSOLUTE
    STM32F4xx_StdPeriph_Driver\\src\\stm32f4xx_dma.c 0x00000000   Number         0  stm32f4xx_dma.o ABSOLUTE
    STM32F4xx_StdPeriph_Driver\\src\\stm32f4xx_gpio.c 0x00000000   Number         0  stm32f4xx_gpio.o ABSOLUTE
    STM32F4xx_StdPeriph_Driver\\src\\stm32f4xx_rcc.c 0x00000000   Number         0  stm32f4xx_rcc.o ABSOLUTE
    STM32F4xx_StdPeriph_Driver\\src\\stm32f4xx_tim.c 0x00000000   Number         0  stm32f4xx_tim.o ABSOLUTE
    STM32F4xx_StdPeriph_Driver\\src\\stm32f4xx_usart.c 0x00000000   Number         0  stm32f4xx_usart.o ABSOLUTE
    STM32F4xx_StdPeriph_Driver\src\misc.c    0x00000000   Number         0  misc.o ABSOLUTE
    STM32F4xx_StdPeriph_Driver\src\stm32f4xx_dma.c 0x00000000   Number         0  stm32f4xx_dma.o ABSOLUTE
    STM32F4xx_StdPeriph_Driver\src\stm32f4xx_gpio.c 0x00000000   Number         0  stm32f4xx_gpio.o ABSOLUTE
    STM32F4xx_StdPeriph_Driver\src\stm32f4xx_rcc.c 0x00000000   Number         0  stm32f4xx_rcc.o ABSOLUTE
    STM32F4xx_StdPeriph_Driver\src\stm32f4xx_tim.c 0x00000000   Number         0  stm32f4xx_tim.o ABSOLUTE
    STM32F4xx_StdPeriph_Driver\src\stm32f4xx_usart.c 0x00000000   Number         0  stm32f4xx_usart.o ABSOLUTE
    dc.s                                     0x00000000   Number         0  dc.o ABSOLUTE
    main.c                                   0x00000000   Number         0  main.o ABSOLUTE
    main.c                                   0x00000000   Number         0  main.o ABSOLUTE
    motor.c                                  0x00000000   Number         0  motor.o ABSOLUTE
    motor.c                                  0x00000000   Number         0  motor.o ABSOLUTE
    pid.c                                    0x00000000   Number         0  pid.o ABSOLUTE
    pid.c                                    0x00000000   Number         0  pid.o ABSOLUTE
    serial.c                                 0x00000000   Number         0  serial.o ABSOLUTE
    serial.c                                 0x00000000   Number         0  serial.o ABSOLUTE
    startup_stm32f40_41xxx.s                 0x00000000   Number         0  startup_stm32f40_41xxx.o ABSOLUTE
    system_stm32f4xx.c                       0x00000000   Number         0  system_stm32f4xx.o ABSOLUTE
    system_stm32f4xx.c                       0x00000000   Number         0  system_stm32f4xx.o ABSOLUTE
    system_timetick.c                        0x00000000   Number         0  system_timetick.o ABSOLUTE
    system_timetick.c                        0x00000000   Number         0  system_timetick.o ABSOLUTE
    timer.c                                  0x00000000   Number         0  timer.o ABSOLUTE
    timer.c                                  0x00000000   Number         0  timer.o ABSOLUTE
    RESET                                    0x08000000   Section      392  startup_stm32f40_41xxx.o(RESET)
    !!!main                                  0x08000188   Section        8  __main.o(!!!main)
    !!!scatter                               0x08000190   Section       52  __scatter.o(!!!scatter)
    !!handler_copy                           0x080001c4   Section       26  __scatter_copy.o(!!handler_copy)
    !!handler_zi                             0x080001e0   Section       28  __scatter_zi.o(!!handler_zi)
    .ARM.Collect$$libinit$$00000000          0x080001fc   Section        2  libinit.o(.ARM.Collect$$libinit$$00000000)
    .ARM.Collect$$libinit$$00000001          0x080001fe   Section        4  libinit2.o(.ARM.Collect$$libinit$$00000001)
    .ARM.Collect$$libinit$$00000004          0x08000202   Section        0  libinit2.o(.ARM.Collect$$libinit$$00000004)
    .ARM.Collect$$libinit$$00000005          0x08000202   Section        8  libinit2.o(.ARM.Collect$$libinit$$00000005)
    .ARM.Collect$$libinit$$0000000A          0x0800020a   Section        0  libinit2.o(.ARM.Collect$$libinit$$0000000A)
    .ARM.Collect$$libinit$$0000000C          0x0800020a   Section        0  libinit2.o(.ARM.Collect$$libinit$$0000000C)
    .ARM.Collect$$libinit$$0000000E          0x0800020a   Section        0  libinit2.o(.ARM.Collect$$libinit$$0000000E)
    .ARM.Collect$$libinit$$00000011          0x0800020a   Section        0  libinit2.o(.ARM.Collect$$libinit$$00000011)
    .ARM.Collect$$libinit$$00000013          0x0800020a   Section        0  libinit2.o(.ARM.Collect$$libinit$$00000013)
    .ARM.Collect$$libinit$$00000015          0x0800020a   Section        0  libinit2.o(.ARM.Collect$$libinit$$00000015)
    .ARM.Collect$$libinit$$00000017          0x0800020a   Section        0  libinit2.o(.ARM.Collect$$libinit$$00000017)
    .ARM.Collect$$libinit$$00000019          0x0800020a   Section        0  libinit2.o(.ARM.Collect$$libinit$$00000019)
    .ARM.Collect$$libinit$$0000001B          0x0800020a   Section        0  libinit2.o(.ARM.Collect$$libinit$$0000001B)
    .ARM.Collect$$libinit$$0000001D          0x0800020a   Section        0  libinit2.o(.ARM.Collect$$libinit$$0000001D)
    .ARM.Collect$$libinit$$0000001F          0x0800020a   Section        0  libinit2.o(.ARM.Collect$$libinit$$0000001F)
    .ARM.Collect$$libinit$$00000021          0x0800020a   Section        0  libinit2.o(.ARM.Collect$$libinit$$00000021)
    .ARM.Collect$$libinit$$00000023          0x0800020a   Section        0  libinit2.o(.ARM.Collect$$libinit$$00000023)
    .ARM.Collect$$libinit$$00000025          0x0800020a   Section        0  libinit2.o(.ARM.Collect$$libinit$$00000025)
    .ARM.Collect$$libinit$$0000002C          0x0800020a   Section        0  libinit2.o(.ARM.Collect$$libinit$$0000002C)
    .ARM.Collect$$libinit$$0000002E          0x0800020a   Section        0  libinit2.o(.ARM.Collect$$libinit$$0000002E)
    .ARM.Collect$$libinit$$00000030          0x0800020a   Section        0  libinit2.o(.ARM.Collect$$libinit$$00000030)
    .ARM.Collect$$libinit$$00000032          0x0800020a   Section        0  libinit2.o(.ARM.Collect$$libinit$$00000032)
    .ARM.Collect$$libinit$$00000033          0x0800020a   Section        2  libinit2.o(.ARM.Collect$$libinit$$00000033)
    .ARM.Collect$$libshutdown$$00000000      0x0800020c   Section        2  libshutdown.o(.ARM.Collect$$libshutdown$$00000000)
    .ARM.Collect$$libshutdown$$00000002      0x0800020e   Section        0  libshutdown2.o(.ARM.Collect$$libshutdown$$00000002)
    .ARM.Collect$$libshutdown$$00000004      0x0800020e   Section        0  libshutdown2.o(.ARM.Collect$$libshutdown$$00000004)
    .ARM.Collect$$libshutdown$$00000007      0x0800020e   Section        0  libshutdown2.o(.ARM.Collect$$libshutdown$$00000007)
    .ARM.Collect$$libshutdown$$0000000A      0x0800020e   Section        0  libshutdown2.o(.ARM.Collect$$libshutdown$$0000000A)
    .ARM.Collect$$libshutdown$$0000000C      0x0800020e   Section        0  libshutdown2.o(.ARM.Collect$$libshutdown$$0000000C)
    .ARM.Collect$$libshutdown$$0000000F      0x0800020e   Section        0  libshutdown2.o(.ARM.Collect$$libshutdown$$0000000F)
    .ARM.Collect$$libshutdown$$00000010      0x0800020e   Section        2  libshutdown2.o(.ARM.Collect$$libshutdown$$00000010)
    .ARM.Collect$$rtentry$$00000000          0x08000210   Section        0  __rtentry.o(.ARM.Collect$$rtentry$$00000000)
    .ARM.Collect$$rtentry$$00000002          0x08000210   Section        0  __rtentry2.o(.ARM.Collect$$rtentry$$00000002)
    .ARM.Collect$$rtentry$$00000004          0x08000210   Section        6  __rtentry4.o(.ARM.Collect$$rtentry$$00000004)
    .ARM.Collect$$rtentry$$00000009          0x08000216   Section        0  __rtentry2.o(.ARM.Collect$$rtentry$$00000009)
    .ARM.Collect$$rtentry$$0000000A          0x08000216   Section        4  __rtentry2.o(.ARM.Collect$$rtentry$$0000000A)
    .ARM.Collect$$rtentry$$0000000C          0x0800021a   Section        0  __rtentry2.o(.ARM.Collect$$rtentry$$0000000C)
    .ARM.Collect$$rtentry$$0000000D          0x0800021a   Section        8  __rtentry2.o(.ARM.Collect$$rtentry$$0000000D)
    .ARM.Collect$$rtexit$$00000000           0x08000222   Section        2  rtexit.o(.ARM.Collect$$rtexit$$00000000)
    .ARM.Collect$$rtexit$$00000002           0x08000224   Section        0  rtexit2.o(.ARM.Collect$$rtexit$$00000002)
    .ARM.Collect$$rtexit$$00000003           0x08000224   Section        4  rtexit2.o(.ARM.Collect$$rtexit$$00000003)
    .ARM.Collect$$rtexit$$00000004           0x08000228   Section        6  rtexit2.o(.ARM.Collect$$rtexit$$00000004)
    .emb_text                                0x08000230   Section        0  maybetermalloc1.o(.emb_text)
    .text                                    0x08000230   Section       64  startup_stm32f40_41xxx.o(.text)
    $v0                                      0x08000230   Number         0  startup_stm32f40_41xxx.o(.text)
    .text                                    0x08000270   Section        0  h1_alloc.o(.text)
    .text                                    0x080002ce   Section        0  h1_free.o(.text)
    .text                                    0x0800031c   Section        0  heapauxi.o(.text)
    .text                                    0x08000324   Section        8  rt_heap_descriptor_intlibspace.o(.text)
    .text                                    0x0800032c   Section        0  hguard.o(.text)
    .text                                    0x08000330   Section        0  init_alloc.o(.text)
    .text                                    0x080003ba   Section        0  h1_init.o(.text)
    .text                                    0x080003c8   Section        0  _rserrno.o(.text)
    .text                                    0x080003e0   Section        8  libspace.o(.text)
    .text                                    0x080003e8   Section        8  rt_errno_addr_intlibspace.o(.text)
    .text                                    0x080003f0   Section        0  h1_extend.o(.text)
    .text                                    0x08000424   Section        0  defsig_rtmem_outer.o(.text)
    .text                                    0x08000432   Section        2  use_no_semi.o(.text)
    .text                                    0x08000434   Section        0  indicate_semi.o(.text)
    .text                                    0x08000434   Section       74  sys_stackheap_outer.o(.text)
    .text                                    0x0800047e   Section        0  exit.o(.text)
    .text                                    0x08000490   Section        0  defsig_exit.o(.text)
    .text                                    0x0800049c   Section        0  defsig_rtmem_inner.o(.text)
    .text                                    0x080004ec   Section        0  sys_exit.o(.text)
    .text                                    0x080004f8   Section        0  defsig_general.o(.text)
    .text                                    0x0800052a   Section        0  sys_wrch.o(.text)
    i.BusFault_Handler                       0x08000538   Section        0  system_timetick.o(i.BusFault_Handler)
    i.ConvertPulseToVel                      0x0800053c   Section        0  motor.o(i.ConvertPulseToVel)
    i.ConvertVelToPulse                      0x08000570   Section        0  motor.o(i.ConvertVelToPulse)
    i.DMA1_Stream2_IRQHandler                0x080005c0   Section        0  serial.o(i.DMA1_Stream2_IRQHandler)
    i.DMA_ClearFlag                          0x080006e8   Section        0  stm32f4xx_dma.o(i.DMA_ClearFlag)
    i.DMA_ClearITPendingBit                  0x0800071c   Section        0  stm32f4xx_dma.o(i.DMA_ClearITPendingBit)
    i.DMA_Cmd                                0x08000750   Section        0  stm32f4xx_dma.o(i.DMA_Cmd)
    i.DMA_ITConfig                           0x08000766   Section        0  stm32f4xx_dma.o(i.DMA_ITConfig)
    i.DMA_Init                               0x080007a0   Section        0  stm32f4xx_dma.o(i.DMA_Init)
    i.DMA_User_Init                          0x080007f8   Section        0  serial.o(i.DMA_User_Init)
    i.DebugMon_Handler                       0x080008b0   Section        0  system_timetick.o(i.DebugMon_Handler)
    i.Encoder_Config                         0x080008b4   Section        0  motor.o(i.Encoder_Config)
    i.GPIO_Config                            0x08000950   Section        0  motor.o(i.GPIO_Config)
    i.GPIO_Init                              0x080009ac   Section        0  stm32f4xx_gpio.o(i.GPIO_Init)
    i.GPIO_PinAFConfig                       0x08000a3c   Section        0  stm32f4xx_gpio.o(i.GPIO_PinAFConfig)
    i.GPIO_ResetBits                         0x08000a82   Section        0  stm32f4xx_gpio.o(i.GPIO_ResetBits)
    i.GPIO_SetBits                           0x08000a86   Section        0  stm32f4xx_gpio.o(i.GPIO_SetBits)
    i.GPIO_ToggleBits                        0x08000a8a   Section        0  stm32f4xx_gpio.o(i.GPIO_ToggleBits)
    i.HardFault_Handler                      0x08000a92   Section        0  system_timetick.o(i.HardFault_Handler)
    i.MemManage_Handler                      0x08000a96   Section        0  system_timetick.o(i.MemManage_Handler)
    i.MotorGetPulse                          0x08000a9c   Section        0  motor.o(i.MotorGetPulse)
    i.MotorInit                              0x08000ab0   Section        0  motor.o(i.MotorInit)
    i.MotorMoveVel                           0x08000b04   Section        0  motor.o(i.MotorMoveVel)
    i.MotorReset                             0x08000bf0   Section        0  motor.o(i.MotorReset)
    i.MotorSetDir                            0x08000c70   Section        0  motor.o(i.MotorSetDir)
    i.MotorSetDuty                           0x08000cb4   Section        0  motor.o(i.MotorSetDuty)
    i.MotorStart                             0x08000cc0   Section        0  motor.o(i.MotorStart)
    i.NMI_Handler                            0x08000ce4   Section        0  system_timetick.o(i.NMI_Handler)
    i.NVIC_Init                              0x08000ce8   Section        0  misc.o(i.NVIC_Init)
    i.PIDCompute                             0x08000d60   Section        0  pid.o(i.PIDCompute)
    i.PIDInit                                0x08000dfc   Section        0  pid.o(i.PIDInit)
    i.PIDReset                               0x08000e30   Section        0  pid.o(i.PIDReset)
    i.PWM_Init                               0x08000e54   Section        0  motor.o(i.PWM_Init)
    i.PendSV_Handler                         0x08000ef4   Section        0  system_timetick.o(i.PendSV_Handler)
    i.RCC_AHB1PeriphClockCmd                 0x08000ef8   Section        0  stm32f4xx_rcc.o(i.RCC_AHB1PeriphClockCmd)
    i.RCC_APB1PeriphClockCmd                 0x08000f18   Section        0  stm32f4xx_rcc.o(i.RCC_APB1PeriphClockCmd)
    i.RCC_GetClocksFreq                      0x08000f38   Section        0  stm32f4xx_rcc.o(i.RCC_GetClocksFreq)
    i.SVC_Handler                            0x08001020   Section        0  system_timetick.o(i.SVC_Handler)
    i.SerialReadComm                         0x08001024   Section        0  serial.o(i.SerialReadComm)
    i.SerialWriteComm                        0x08001070   Section        0  serial.o(i.SerialWriteComm)
    i.SetSysClock                            0x08001108   Section        0  system_stm32f4xx.o(i.SetSysClock)
    SetSysClock                              0x08001109   Thumb Code   220  system_stm32f4xx.o(i.SetSysClock)
    i.StrCompare                             0x080011f4   Section        0  serial.o(i.StrCompare)
    i.SysTick_Handler                        0x08001214   Section        0  system_timetick.o(i.SysTick_Handler)
    i.SystemInit                             0x08001230   Section        0  system_stm32f4xx.o(i.SystemInit)
    i.TI1_Config                             0x08001298   Section        0  stm32f4xx_tim.o(i.TI1_Config)
    TI1_Config                               0x08001299   Thumb Code    58  stm32f4xx_tim.o(i.TI1_Config)
    i.TI2_Config                             0x080012d2   Section        0  stm32f4xx_tim.o(i.TI2_Config)
    TI2_Config                               0x080012d3   Thumb Code    80  stm32f4xx_tim.o(i.TI2_Config)
    i.TI3_Config                             0x08001322   Section        0  stm32f4xx_tim.o(i.TI3_Config)
    TI3_Config                               0x08001323   Thumb Code    72  stm32f4xx_tim.o(i.TI3_Config)
    i.TI4_Config                             0x0800136a   Section        0  stm32f4xx_tim.o(i.TI4_Config)
    TI4_Config                               0x0800136b   Thumb Code    80  stm32f4xx_tim.o(i.TI4_Config)
    i.TIM2_IRQHandler                        0x080013bc   Section        0  timer.o(i.TIM2_IRQHandler)
    i.TIM3_GPIOC_Config                      0x08001414   Section        0  motor.o(i.TIM3_GPIOC_Config)
    i.TIM_ClearFlag                          0x08001454   Section        0  stm32f4xx_tim.o(i.TIM_ClearFlag)
    i.TIM_Cmd                                0x0800145a   Section        0  stm32f4xx_tim.o(i.TIM_Cmd)
    i.TIM_EncoderInterfaceConfig             0x08001472   Section        0  stm32f4xx_tim.o(i.TIM_EncoderInterfaceConfig)
    i.TIM_GetCounter                         0x080014b4   Section        0  stm32f4xx_tim.o(i.TIM_GetCounter)
    i.TIM_ICInit                             0x080014ba   Section        0  stm32f4xx_tim.o(i.TIM_ICInit)
    i.TIM_ITConfig                           0x08001528   Section        0  stm32f4xx_tim.o(i.TIM_ITConfig)
    i.TIM_OC1Init                            0x0800153c   Section        0  stm32f4xx_tim.o(i.TIM_OC1Init)
    i.TIM_OC1PreloadConfig                   0x080015b8   Section        0  stm32f4xx_tim.o(i.TIM_OC1PreloadConfig)
    i.TIM_PrescalerConfig                    0x080015ca   Section        0  stm32f4xx_tim.o(i.TIM_PrescalerConfig)
    i.TIM_SetCounter                         0x080015d0   Section        0  stm32f4xx_tim.o(i.TIM_SetCounter)
    i.TIM_SetIC1Prescaler                    0x080015d4   Section        0  stm32f4xx_tim.o(i.TIM_SetIC1Prescaler)
    i.TIM_SetIC2Prescaler                    0x080015e6   Section        0  stm32f4xx_tim.o(i.TIM_SetIC2Prescaler)
    i.TIM_SetIC3Prescaler                    0x08001600   Section        0  stm32f4xx_tim.o(i.TIM_SetIC3Prescaler)
    i.TIM_SetIC4Prescaler                    0x08001612   Section        0  stm32f4xx_tim.o(i.TIM_SetIC4Prescaler)
    i.TIM_TimeBaseInit                       0x0800162c   Section        0  stm32f4xx_tim.o(i.TIM_TimeBaseInit)
    i.UART4_User_Init                        0x080016b0   Section        0  serial.o(i.UART4_User_Init)
    i.USART_Cmd                              0x0800175c   Section        0  stm32f4xx_usart.o(i.USART_Cmd)
    i.USART_DMACmd                           0x08001774   Section        0  stm32f4xx_usart.o(i.USART_DMACmd)
    i.USART_Init                             0x08001788   Section        0  stm32f4xx_usart.o(i.USART_Init)
    i.UsageFault_Handler                     0x0800185c   Section        0  system_timetick.o(i.UsageFault_Handler)
    i.__ARM_fpclassify                       0x08001860   Section        0  fpclassify.o(i.__ARM_fpclassify)
    i.__hardfp_pow                           0x08001890   Section        0  pow.o(i.__hardfp_pow)
    i.__kernel_poly                          0x080024e0   Section        0  poly.o(i.__kernel_poly)
    i.__mathlib_dbl_divzero                  0x080025d8   Section        0  dunder.o(i.__mathlib_dbl_divzero)
    i.__mathlib_dbl_infnan2                  0x08002608   Section        0  dunder.o(i.__mathlib_dbl_infnan2)
    i.__mathlib_dbl_invalid                  0x08002620   Section        0  dunder.o(i.__mathlib_dbl_invalid)
    i.__mathlib_dbl_overflow                 0x08002640   Section        0  dunder.o(i.__mathlib_dbl_overflow)
    i.__mathlib_dbl_underflow                0x08002660   Section        0  dunder.o(i.__mathlib_dbl_underflow)
    i.delay_01ms                             0x08002680   Section        0  main.o(i.delay_01ms)
    i.fabs                                   0x080026c8   Section        0  fabs.o(i.fabs)
    i.init_main                              0x080026e0   Section        0  main.o(i.init_main)
    i.main                                   0x08002720   Section        0  main.o(i.main)
    i.sqrt                                   0x08002ac4   Section        0  sqrt.o(i.sqrt)
    i.timer2_Config                          0x08002b32   Section        0  timer.o(i.timer2_Config)
    x$fpl$basic                              0x08002b9e   Section       24  basic.o(x$fpl$basic)
    $v0                                      0x08002b9e   Number         0  basic.o(x$fpl$basic)
    x$fpl$d2f                                0x08002bb8   Section       98  d2f.o(x$fpl$d2f)
    $v0                                      0x08002bb8   Number         0  d2f.o(x$fpl$d2f)
    x$fpl$dadd                               0x08002c1c   Section      336  daddsub_clz.o(x$fpl$dadd)
    $v0                                      0x08002c1c   Number         0  daddsub_clz.o(x$fpl$dadd)
    _dadd1                                   0x08002c2d   Thumb Code     0  daddsub_clz.o(x$fpl$dadd)
    x$fpl$dcheck1                            0x08002d6c   Section       16  dcheck1.o(x$fpl$dcheck1)
    $v0                                      0x08002d6c   Number         0  dcheck1.o(x$fpl$dcheck1)
    x$fpl$dcmpinf                            0x08002d7c   Section       24  dcmpi.o(x$fpl$dcmpinf)
    $v0                                      0x08002d7c   Number         0  dcmpi.o(x$fpl$dcmpinf)
    x$fpl$ddiv                               0x08002d94   Section      688  ddiv.o(x$fpl$ddiv)
    $v0                                      0x08002d94   Number         0  ddiv.o(x$fpl$ddiv)
    ddiv_entry                               0x08002d9b   Thumb Code     0  ddiv.o(x$fpl$ddiv)
    x$fpl$dflt                               0x08003044   Section       46  dflt_clz.o(x$fpl$dflt)
    $v0                                      0x08003044   Number         0  dflt_clz.o(x$fpl$dflt)
    x$fpl$dleqf                              0x08003074   Section      120  dleqf.o(x$fpl$dleqf)
    $v0                                      0x08003074   Number         0  dleqf.o(x$fpl$dleqf)
    x$fpl$dmul                               0x080030ec   Section      340  dmul.o(x$fpl$dmul)
    $v0                                      0x080030ec   Number         0  dmul.o(x$fpl$dmul)
    x$fpl$dnaninf                            0x08003240   Section      156  dnaninf.o(x$fpl$dnaninf)
    $v0                                      0x08003240   Number         0  dnaninf.o(x$fpl$dnaninf)
    x$fpl$dretinf                            0x080032dc   Section       12  dretinf.o(x$fpl$dretinf)
    $v0                                      0x080032dc   Number         0  dretinf.o(x$fpl$dretinf)
    x$fpl$drleqf                             0x080032e8   Section      108  drleqf.o(x$fpl$drleqf)
    $v0                                      0x080032e8   Number         0  drleqf.o(x$fpl$drleqf)
    x$fpl$drsb                               0x08003354   Section       22  daddsub_clz.o(x$fpl$drsb)
    $v0                                      0x08003354   Number         0  daddsub_clz.o(x$fpl$drsb)
    x$fpl$dsqrt                              0x0800336c   Section      408  dsqrt_umaal.o(x$fpl$dsqrt)
    $v0                                      0x0800336c   Number         0  dsqrt_umaal.o(x$fpl$dsqrt)
    x$fpl$dsub                               0x08003504   Section      468  daddsub_clz.o(x$fpl$dsub)
    $v0                                      0x08003504   Number         0  daddsub_clz.o(x$fpl$dsub)
    _dsub1                                   0x08003515   Thumb Code     0  daddsub_clz.o(x$fpl$dsub)
    x$fpl$f2d                                0x080036d8   Section       86  f2d.o(x$fpl$f2d)
    $v0                                      0x080036d8   Number         0  f2d.o(x$fpl$f2d)
    x$fpl$fnaninf                            0x0800372e   Section      140  fnaninf.o(x$fpl$fnaninf)
    $v0                                      0x0800372e   Number         0  fnaninf.o(x$fpl$fnaninf)
    x$fpl$fpinit                             0x080037ba   Section       10  fpinit.o(x$fpl$fpinit)
    $v0                                      0x080037ba   Number         0  fpinit.o(x$fpl$fpinit)
    x$fpl$fretinf                            0x080037c4   Section       10  fretinf.o(x$fpl$fretinf)
    $v0                                      0x080037c4   Number         0  fretinf.o(x$fpl$fretinf)
    x$fpl$retnan                             0x080037ce   Section      100  retnan.o(x$fpl$retnan)
    $v0                                      0x080037ce   Number         0  retnan.o(x$fpl$retnan)
    x$fpl$scalbn                             0x08003832   Section       92  scalbn.o(x$fpl$scalbn)
    $v0                                      0x08003832   Number         0  scalbn.o(x$fpl$scalbn)
    x$fpl$trapveneer                         0x0800388e   Section       48  trapv.o(x$fpl$trapveneer)
    $v0                                      0x0800388e   Number         0  trapv.o(x$fpl$trapveneer)
    x$fpl$usenofp                            0x080038be   Section        0  usenofp.o(x$fpl$usenofp)
    .constdata                               0x080038c0   Section      136  pow.o(.constdata)
    bp                                       0x080038c0   Data          16  pow.o(.constdata)
    dp_h                                     0x080038d0   Data          16  pow.o(.constdata)
    dp_l                                     0x080038e0   Data          16  pow.o(.constdata)
    L                                        0x080038f0   Data          48  pow.o(.constdata)
    P                                        0x08003920   Data          40  pow.o(.constdata)
    .constdata                               0x08003948   Section        8  qnan.o(.constdata)
    .data                                    0x20000000   Section       32  motor.o(.data)
    .data                                    0x20000020   Section       15  serial.o(.data)
    .data                                    0x20000030   Section       20  system_stm32f4xx.o(.data)
    .data                                    0x20000044   Section        8  system_timetick.o(.data)
    .data                                    0x2000004c   Section        4  pid.o(.data)
    .data                                    0x20000050   Section        7  main.o(.data)
    .data                                    0x20000057   Section       16  stm32f4xx_rcc.o(.data)
    APBAHBPrescTable                         0x20000057   Data          16  stm32f4xx_rcc.o(.data)
    .bss                                     0x20000068   Section       36  motor.o(.bss)
    .bss                                     0x2000008c   Section       50  serial.o(.bss)
    .bss                                     0x200000be   Section       10  main.o(.bss)
    .bss                                     0x200000c8   Section       96  libspace.o(.bss)
    HEAP                                     0x20000128   Section      512  startup_stm32f40_41xxx.o(HEAP)
    Heap_Mem                                 0x20000128   Data         512  startup_stm32f40_41xxx.o(HEAP)
    STACK                                    0x20000328   Section     1024  startup_stm32f40_41xxx.o(STACK)
    Stack_Mem                                0x20000328   Data        1024  startup_stm32f40_41xxx.o(STACK)
    __initial_sp                             0x20000728   Data           0  startup_stm32f40_41xxx.o(STACK)

    Global Symbols

    Symbol Name                              Value     Ov Type        Size  Object(Section)

    BuildAttributes$$THM_ISAv4$E$P$D$K$B$S$7EM$VFPi3$EXTD16$VFPS$VFMA$PE$A:L22UL41UL21$X:L11$S22US41US21$IEEE1$IW$USESV6$~STKCKD$USESV7$~SHL$OTIME$ROPI$IEEEX$EBA8$UX$STANDARDLIB$REQ8$PRES8$EABIv2 0x00000000   Number         0  anon$$obj.o ABSOLUTE
    __ARM_use_no_argv                        0x00000000   Number         0  main.o ABSOLUTE
    __ARM_exceptions_init                     - Undefined Weak Reference
    __alloca_initialize                       - Undefined Weak Reference
    __arm_preinit_                            - Undefined Weak Reference
    __cpp_initialize__aeabi_                  - Undefined Weak Reference
    __cxa_finalize                            - Undefined Weak Reference
    __rt_locale                               - Undefined Weak Reference
    __sigvec_lookup                           - Undefined Weak Reference
    __user_heap_extent                        - Undefined Weak Reference
    _atexit_init                              - Undefined Weak Reference
    _call_atexit_fns                          - Undefined Weak Reference
    _clock_init                               - Undefined Weak Reference
    _fp_trap_init                             - Undefined Weak Reference
    _fp_trap_shutdown                         - Undefined Weak Reference
    _get_lc_collate                           - Undefined Weak Reference
    _get_lc_ctype                             - Undefined Weak Reference
    _get_lc_monetary                          - Undefined Weak Reference
    _get_lc_numeric                           - Undefined Weak Reference
    _get_lc_time                              - Undefined Weak Reference
    _getenv_init                              - Undefined Weak Reference
    _handle_redirection                       - Undefined Weak Reference
    _initio                                   - Undefined Weak Reference
    _mutex_acquire                            - Undefined Weak Reference
    _mutex_free                               - Undefined Weak Reference
    _mutex_release                            - Undefined Weak Reference
    _rand_init                                - Undefined Weak Reference
    _signal_finish                            - Undefined Weak Reference
    _signal_init                              - Undefined Weak Reference
    _terminateio                              - Undefined Weak Reference
    __Vectors_Size                           0x00000188   Number         0  startup_stm32f40_41xxx.o ABSOLUTE
    __Vectors                                0x08000000   Data           4  startup_stm32f40_41xxx.o(RESET)
    __Vectors_End                            0x08000188   Data           0  startup_stm32f40_41xxx.o(RESET)
    __main                                   0x08000189   Thumb Code     8  __main.o(!!!main)
    __scatterload                            0x08000191   Thumb Code     0  __scatter.o(!!!scatter)
    __scatterload_rt2                        0x08000191   Thumb Code    44  __scatter.o(!!!scatter)
    __scatterload_rt2_thumb_only             0x08000191   Thumb Code     0  __scatter.o(!!!scatter)
    __scatterload_null                       0x0800019f   Thumb Code     0  __scatter.o(!!!scatter)
    __scatterload_copy                       0x080001c5   Thumb Code    26  __scatter_copy.o(!!handler_copy)
    __scatterload_zeroinit                   0x080001e1   Thumb Code    28  __scatter_zi.o(!!handler_zi)
    __rt_lib_init                            0x080001fd   Thumb Code     0  libinit.o(.ARM.Collect$$libinit$$00000000)
    __rt_lib_init_fp_1                       0x080001ff   Thumb Code     0  libinit2.o(.ARM.Collect$$libinit$$00000001)
    __rt_lib_init_heap_2                     0x08000203   Thumb Code     0  libinit2.o(.ARM.Collect$$libinit$$00000005)
    __rt_lib_init_preinit_1                  0x08000203   Thumb Code     0  libinit2.o(.ARM.Collect$$libinit$$00000004)
    __rt_lib_init_alloca_1                   0x0800020b   Thumb Code     0  libinit2.o(.ARM.Collect$$libinit$$0000002E)
    __rt_lib_init_argv_1                     0x0800020b   Thumb Code     0  libinit2.o(.ARM.Collect$$libinit$$0000002C)
    __rt_lib_init_atexit_1                   0x0800020b   Thumb Code     0  libinit2.o(.ARM.Collect$$libinit$$0000001B)
    __rt_lib_init_clock_1                    0x0800020b   Thumb Code     0  libinit2.o(.ARM.Collect$$libinit$$00000021)
    __rt_lib_init_cpp_1                      0x0800020b   Thumb Code     0  libinit2.o(.ARM.Collect$$libinit$$00000032)
    __rt_lib_init_exceptions_1               0x0800020b   Thumb Code     0  libinit2.o(.ARM.Collect$$libinit$$00000030)
    __rt_lib_init_fp_trap_1                  0x0800020b   Thumb Code     0  libinit2.o(.ARM.Collect$$libinit$$0000001F)
    __rt_lib_init_getenv_1                   0x0800020b   Thumb Code     0  libinit2.o(.ARM.Collect$$libinit$$00000023)
    __rt_lib_init_heap_1                     0x0800020b   Thumb Code     0  libinit2.o(.ARM.Collect$$libinit$$0000000A)
    __rt_lib_init_lc_collate_1               0x0800020b   Thumb Code     0  libinit2.o(.ARM.Collect$$libinit$$00000011)
    __rt_lib_init_lc_ctype_1                 0x0800020b   Thumb Code     0  libinit2.o(.ARM.Collect$$libinit$$00000013)
    __rt_lib_init_lc_monetary_1              0x0800020b   Thumb Code     0  libinit2.o(.ARM.Collect$$libinit$$00000015)
    __rt_lib_init_lc_numeric_1               0x0800020b   Thumb Code     0  libinit2.o(.ARM.Collect$$libinit$$00000017)
    __rt_lib_init_lc_time_1                  0x0800020b   Thumb Code     0  libinit2.o(.ARM.Collect$$libinit$$00000019)
    __rt_lib_init_rand_1                     0x0800020b   Thumb Code     0  libinit2.o(.ARM.Collect$$libinit$$0000000E)
    __rt_lib_init_return                     0x0800020b   Thumb Code     0  libinit2.o(.ARM.Collect$$libinit$$00000033)
    __rt_lib_init_signal_1                   0x0800020b   Thumb Code     0  libinit2.o(.ARM.Collect$$libinit$$0000001D)
    __rt_lib_init_stdio_1                    0x0800020b   Thumb Code     0  libinit2.o(.ARM.Collect$$libinit$$00000025)
    __rt_lib_init_user_alloc_1               0x0800020b   Thumb Code     0  libinit2.o(.ARM.Collect$$libinit$$0000000C)
    __rt_lib_shutdown                        0x0800020d   Thumb Code     0  libshutdown.o(.ARM.Collect$$libshutdown$$00000000)
    __rt_lib_shutdown_cpp_1                  0x0800020f   Thumb Code     0  libshutdown2.o(.ARM.Collect$$libshutdown$$00000002)
    __rt_lib_shutdown_fp_trap_1              0x0800020f   Thumb Code     0  libshutdown2.o(.ARM.Collect$$libshutdown$$00000007)
    __rt_lib_shutdown_heap_1                 0x0800020f   Thumb Code     0  libshutdown2.o(.ARM.Collect$$libshutdown$$0000000F)
    __rt_lib_shutdown_return                 0x0800020f   Thumb Code     0  libshutdown2.o(.ARM.Collect$$libshutdown$$00000010)
    __rt_lib_shutdown_signal_1               0x0800020f   Thumb Code     0  libshutdown2.o(.ARM.Collect$$libshutdown$$0000000A)
    __rt_lib_shutdown_stdio_1                0x0800020f   Thumb Code     0  libshutdown2.o(.ARM.Collect$$libshutdown$$00000004)
    __rt_lib_shutdown_user_alloc_1           0x0800020f   Thumb Code     0  libshutdown2.o(.ARM.Collect$$libshutdown$$0000000C)
    __rt_entry                               0x08000211   Thumb Code     0  __rtentry.o(.ARM.Collect$$rtentry$$00000000)
    __rt_entry_presh_1                       0x08000211   Thumb Code     0  __rtentry2.o(.ARM.Collect$$rtentry$$00000002)
    __rt_entry_sh                            0x08000211   Thumb Code     0  __rtentry4.o(.ARM.Collect$$rtentry$$00000004)
    __rt_entry_li                            0x08000217   Thumb Code     0  __rtentry2.o(.ARM.Collect$$rtentry$$0000000A)
    __rt_entry_postsh_1                      0x08000217   Thumb Code     0  __rtentry2.o(.ARM.Collect$$rtentry$$00000009)
    __rt_entry_main                          0x0800021b   Thumb Code     0  __rtentry2.o(.ARM.Collect$$rtentry$$0000000D)
    __rt_entry_postli_1                      0x0800021b   Thumb Code     0  __rtentry2.o(.ARM.Collect$$rtentry$$0000000C)
    __rt_exit                                0x08000223   Thumb Code     0  rtexit.o(.ARM.Collect$$rtexit$$00000000)
    __rt_exit_ls                             0x08000225   Thumb Code     0  rtexit2.o(.ARM.Collect$$rtexit$$00000003)
    __rt_exit_prels_1                        0x08000225   Thumb Code     0  rtexit2.o(.ARM.Collect$$rtexit$$00000002)
    __rt_exit_exit                           0x08000229   Thumb Code     0  rtexit2.o(.ARM.Collect$$rtexit$$00000004)
    Reset_Handler                            0x08000231   Thumb Code     8  startup_stm32f40_41xxx.o(.text)
    _maybe_terminate_alloc                   0x08000231   Thumb Code     0  maybetermalloc1.o(.emb_text)
    ADC_IRQHandler                           0x0800024b   Thumb Code     0  startup_stm32f40_41xxx.o(.text)
    CAN1_RX0_IRQHandler                      0x0800024b   Thumb Code     0  startup_stm32f40_41xxx.o(.text)
    CAN1_RX1_IRQHandler                      0x0800024b   Thumb Code     0  startup_stm32f40_41xxx.o(.text)
    CAN1_SCE_IRQHandler                      0x0800024b   Thumb Code     0  startup_stm32f40_41xxx.o(.text)
    CAN1_TX_IRQHandler                       0x0800024b   Thumb Code     0  startup_stm32f40_41xxx.o(.text)
    CAN2_RX0_IRQHandler                      0x0800024b   Thumb Code     0  startup_stm32f40_41xxx.o(.text)
    CAN2_RX1_IRQHandler                      0x0800024b   Thumb Code     0  startup_stm32f40_41xxx.o(.text)
    CAN2_SCE_IRQHandler                      0x0800024b   Thumb Code     0  startup_stm32f40_41xxx.o(.text)
    CAN2_TX_IRQHandler                       0x0800024b   Thumb Code     0  startup_stm32f40_41xxx.o(.text)
    CRYP_IRQHandler                          0x0800024b   Thumb Code     0  startup_stm32f40_41xxx.o(.text)
    DCMI_IRQHandler                          0x0800024b   Thumb Code     0  startup_stm32f40_41xxx.o(.text)
    DMA1_Stream0_IRQHandler                  0x0800024b   Thumb Code     0  startup_stm32f40_41xxx.o(.text)
    DMA1_Stream1_IRQHandler                  0x0800024b   Thumb Code     0  startup_stm32f40_41xxx.o(.text)
    DMA1_Stream3_IRQHandler                  0x0800024b   Thumb Code     0  startup_stm32f40_41xxx.o(.text)
    DMA1_Stream4_IRQHandler                  0x0800024b   Thumb Code     0  startup_stm32f40_41xxx.o(.text)
    DMA1_Stream5_IRQHandler                  0x0800024b   Thumb Code     0  startup_stm32f40_41xxx.o(.text)
    DMA1_Stream6_IRQHandler                  0x0800024b   Thumb Code     0  startup_stm32f40_41xxx.o(.text)
    DMA1_Stream7_IRQHandler                  0x0800024b   Thumb Code     0  startup_stm32f40_41xxx.o(.text)
    DMA2_Stream0_IRQHandler                  0x0800024b   Thumb Code     0  startup_stm32f40_41xxx.o(.text)
    DMA2_Stream1_IRQHandler                  0x0800024b   Thumb Code     0  startup_stm32f40_41xxx.o(.text)
    DMA2_Stream2_IRQHandler                  0x0800024b   Thumb Code     0  startup_stm32f40_41xxx.o(.text)
    DMA2_Stream3_IRQHandler                  0x0800024b   Thumb Code     0  startup_stm32f40_41xxx.o(.text)
    DMA2_Stream4_IRQHandler                  0x0800024b   Thumb Code     0  startup_stm32f40_41xxx.o(.text)
    DMA2_Stream5_IRQHandler                  0x0800024b   Thumb Code     0  startup_stm32f40_41xxx.o(.text)
    DMA2_Stream6_IRQHandler                  0x0800024b   Thumb Code     0  startup_stm32f40_41xxx.o(.text)
    DMA2_Stream7_IRQHandler                  0x0800024b   Thumb Code     0  startup_stm32f40_41xxx.o(.text)
    ETH_IRQHandler                           0x0800024b   Thumb Code     0  startup_stm32f40_41xxx.o(.text)
    ETH_WKUP_IRQHandler                      0x0800024b   Thumb Code     0  startup_stm32f40_41xxx.o(.text)
    EXTI0_IRQHandler                         0x0800024b   Thumb Code     0  startup_stm32f40_41xxx.o(.text)
    EXTI15_10_IRQHandler                     0x0800024b   Thumb Code     0  startup_stm32f40_41xxx.o(.text)
    EXTI1_IRQHandler                         0x0800024b   Thumb Code     0  startup_stm32f40_41xxx.o(.text)
    EXTI2_IRQHandler                         0x0800024b   Thumb Code     0  startup_stm32f40_41xxx.o(.text)
    EXTI3_IRQHandler                         0x0800024b   Thumb Code     0  startup_stm32f40_41xxx.o(.text)
    EXTI4_IRQHandler                         0x0800024b   Thumb Code     0  startup_stm32f40_41xxx.o(.text)
    EXTI9_5_IRQHandler                       0x0800024b   Thumb Code     0  startup_stm32f40_41xxx.o(.text)
    FLASH_IRQHandler                         0x0800024b   Thumb Code     0  startup_stm32f40_41xxx.o(.text)
    FPU_IRQHandler                           0x0800024b   Thumb Code     0  startup_stm32f40_41xxx.o(.text)
    FSMC_IRQHandler                          0x0800024b   Thumb Code     0  startup_stm32f40_41xxx.o(.text)
    HASH_RNG_IRQHandler                      0x0800024b   Thumb Code     0  startup_stm32f40_41xxx.o(.text)
    I2C1_ER_IRQHandler                       0x0800024b   Thumb Code     0  startup_stm32f40_41xxx.o(.text)
    I2C1_EV_IRQHandler                       0x0800024b   Thumb Code     0  startup_stm32f40_41xxx.o(.text)
    I2C2_ER_IRQHandler                       0x0800024b   Thumb Code     0  startup_stm32f40_41xxx.o(.text)
    I2C2_EV_IRQHandler                       0x0800024b   Thumb Code     0  startup_stm32f40_41xxx.o(.text)
    I2C3_ER_IRQHandler                       0x0800024b   Thumb Code     0  startup_stm32f40_41xxx.o(.text)
    I2C3_EV_IRQHandler                       0x0800024b   Thumb Code     0  startup_stm32f40_41xxx.o(.text)
    OTG_FS_IRQHandler                        0x0800024b   Thumb Code     0  startup_stm32f40_41xxx.o(.text)
    OTG_FS_WKUP_IRQHandler                   0x0800024b   Thumb Code     0  startup_stm32f40_41xxx.o(.text)
    OTG_HS_EP1_IN_IRQHandler                 0x0800024b   Thumb Code     0  startup_stm32f40_41xxx.o(.text)
    OTG_HS_EP1_OUT_IRQHandler                0x0800024b   Thumb Code     0  startup_stm32f40_41xxx.o(.text)
    OTG_HS_IRQHandler                        0x0800024b   Thumb Code     0  startup_stm32f40_41xxx.o(.text)
    OTG_HS_WKUP_IRQHandler                   0x0800024b   Thumb Code     0  startup_stm32f40_41xxx.o(.text)
    PVD_IRQHandler                           0x0800024b   Thumb Code     0  startup_stm32f40_41xxx.o(.text)
    RCC_IRQHandler                           0x0800024b   Thumb Code     0  startup_stm32f40_41xxx.o(.text)
    RTC_Alarm_IRQHandler                     0x0800024b   Thumb Code     0  startup_stm32f40_41xxx.o(.text)
    RTC_WKUP_IRQHandler                      0x0800024b   Thumb Code     0  startup_stm32f40_41xxx.o(.text)
    SDIO_IRQHandler                          0x0800024b   Thumb Code     0  startup_stm32f40_41xxx.o(.text)
    SPI1_IRQHandler                          0x0800024b   Thumb Code     0  startup_stm32f40_41xxx.o(.text)
    SPI2_IRQHandler                          0x0800024b   Thumb Code     0  startup_stm32f40_41xxx.o(.text)
    SPI3_IRQHandler                          0x0800024b   Thumb Code     0  startup_stm32f40_41xxx.o(.text)
    TAMP_STAMP_IRQHandler                    0x0800024b   Thumb Code     0  startup_stm32f40_41xxx.o(.text)
    TIM1_BRK_TIM9_IRQHandler                 0x0800024b   Thumb Code     0  startup_stm32f40_41xxx.o(.text)
    TIM1_CC_IRQHandler                       0x0800024b   Thumb Code     0  startup_stm32f40_41xxx.o(.text)
    TIM1_TRG_COM_TIM11_IRQHandler            0x0800024b   Thumb Code     0  startup_stm32f40_41xxx.o(.text)
    TIM1_UP_TIM10_IRQHandler                 0x0800024b   Thumb Code     0  startup_stm32f40_41xxx.o(.text)
    TIM3_IRQHandler                          0x0800024b   Thumb Code     0  startup_stm32f40_41xxx.o(.text)
    TIM4_IRQHandler                          0x0800024b   Thumb Code     0  startup_stm32f40_41xxx.o(.text)
    TIM5_IRQHandler                          0x0800024b   Thumb Code     0  startup_stm32f40_41xxx.o(.text)
    TIM6_DAC_IRQHandler                      0x0800024b   Thumb Code     0  startup_stm32f40_41xxx.o(.text)
    TIM7_IRQHandler                          0x0800024b   Thumb Code     0  startup_stm32f40_41xxx.o(.text)
    TIM8_BRK_TIM12_IRQHandler                0x0800024b   Thumb Code     0  startup_stm32f40_41xxx.o(.text)
    TIM8_CC_IRQHandler                       0x0800024b   Thumb Code     0  startup_stm32f40_41xxx.o(.text)
    TIM8_TRG_COM_TIM14_IRQHandler            0x0800024b   Thumb Code     0  startup_stm32f40_41xxx.o(.text)
    TIM8_UP_TIM13_IRQHandler                 0x0800024b   Thumb Code     0  startup_stm32f40_41xxx.o(.text)
    UART4_IRQHandler                         0x0800024b   Thumb Code     0  startup_stm32f40_41xxx.o(.text)
    UART5_IRQHandler                         0x0800024b   Thumb Code     0  startup_stm32f40_41xxx.o(.text)
    USART1_IRQHandler                        0x0800024b   Thumb Code     0  startup_stm32f40_41xxx.o(.text)
    USART2_IRQHandler                        0x0800024b   Thumb Code     0  startup_stm32f40_41xxx.o(.text)
    USART3_IRQHandler                        0x0800024b   Thumb Code     0  startup_stm32f40_41xxx.o(.text)
    USART6_IRQHandler                        0x0800024b   Thumb Code     0  startup_stm32f40_41xxx.o(.text)
    WWDG_IRQHandler                          0x0800024b   Thumb Code     0  startup_stm32f40_41xxx.o(.text)
    __user_initial_stackheap                 0x0800024d   Thumb Code     0  startup_stm32f40_41xxx.o(.text)
    malloc                                   0x08000271   Thumb Code    94  h1_alloc.o(.text)
    free                                     0x080002cf   Thumb Code    78  h1_free.o(.text)
    __use_two_region_memory                  0x0800031d   Thumb Code     2  heapauxi.o(.text)
    __rt_heap_escrow                         0x0800031f   Thumb Code     2  heapauxi.o(.text)
    __rt_heap_expand                         0x08000321   Thumb Code     2  heapauxi.o(.text)
    __rt_heap_descriptor                     0x08000325   Thumb Code     8  rt_heap_descriptor_intlibspace.o(.text)
    __use_no_heap                            0x0800032d   Thumb Code     2  hguard.o(.text)
    __heap$guard                             0x0800032f   Thumb Code     2  hguard.o(.text)
    _terminate_user_alloc                    0x08000331   Thumb Code     2  init_alloc.o(.text)
    _init_user_alloc                         0x08000333   Thumb Code     2  init_alloc.o(.text)
    __Heap_Full                              0x08000335   Thumb Code    34  init_alloc.o(.text)
    __Heap_Broken                            0x08000357   Thumb Code     6  init_alloc.o(.text)
    _init_alloc                              0x0800035d   Thumb Code    94  init_alloc.o(.text)
    __Heap_Initialize                        0x080003bb   Thumb Code    10  h1_init.o(.text)
    __Heap_DescSize                          0x080003c5   Thumb Code     4  h1_init.o(.text)
    __read_errno                             0x080003c9   Thumb Code    10  _rserrno.o(.text)
    __set_errno                              0x080003d3   Thumb Code    12  _rserrno.o(.text)
    __user_libspace                          0x080003e1   Thumb Code     8  libspace.o(.text)
    __user_perproc_libspace                  0x080003e1   Thumb Code     0  libspace.o(.text)
    __user_perthread_libspace                0x080003e1   Thumb Code     0  libspace.o(.text)
    __aeabi_errno_addr                       0x080003e9   Thumb Code     8  rt_errno_addr_intlibspace.o(.text)
    __errno$intlibspace                      0x080003e9   Thumb Code     0  rt_errno_addr_intlibspace.o(.text)
    __rt_errno_addr$intlibspace              0x080003e9   Thumb Code     0  rt_errno_addr_intlibspace.o(.text)
    __Heap_ProvideMemory                     0x080003f1   Thumb Code    52  h1_extend.o(.text)
    __rt_SIGRTMEM                            0x08000425   Thumb Code    14  defsig_rtmem_outer.o(.text)
    __I$use$semihosting                      0x08000433   Thumb Code     0  use_no_semi.o(.text)
    __use_no_semihosting_swi                 0x08000433   Thumb Code     2  use_no_semi.o(.text)
    __semihosting_library_function           0x08000435   Thumb Code     0  indicate_semi.o(.text)
    __user_setup_stackheap                   0x08000435   Thumb Code    74  sys_stackheap_outer.o(.text)
    exit                                     0x0800047f   Thumb Code    18  exit.o(.text)
    __sig_exit                               0x08000491   Thumb Code    10  defsig_exit.o(.text)
    __rt_SIGRTMEM_inner                      0x0800049d   Thumb Code    22  defsig_rtmem_inner.o(.text)
    _sys_exit                                0x080004ed   Thumb Code     8  sys_exit.o(.text)
    __default_signal_display                 0x080004f9   Thumb Code    50  defsig_general.o(.text)
    _ttywrch                                 0x0800052b   Thumb Code    14  sys_wrch.o(.text)
    BusFault_Handler                         0x08000539   Thumb Code     4  system_timetick.o(i.BusFault_Handler)
    ConvertPulseToVel                        0x0800053d   Thumb Code    38  motor.o(i.ConvertPulseToVel)
    ConvertVelToPulse                        0x08000571   Thumb Code    80  motor.o(i.ConvertVelToPulse)
    DMA1_Stream2_IRQHandler                  0x080005c1   Thumb Code   228  serial.o(i.DMA1_Stream2_IRQHandler)
    DMA_ClearFlag                            0x080006e9   Thumb Code    38  stm32f4xx_dma.o(i.DMA_ClearFlag)
    DMA_ClearITPendingBit                    0x0800071d   Thumb Code    38  stm32f4xx_dma.o(i.DMA_ClearITPendingBit)
    DMA_Cmd                                  0x08000751   Thumb Code    22  stm32f4xx_dma.o(i.DMA_Cmd)
    DMA_ITConfig                             0x08000767   Thumb Code    58  stm32f4xx_dma.o(i.DMA_ITConfig)
    DMA_Init                                 0x080007a1   Thumb Code    82  stm32f4xx_dma.o(i.DMA_Init)
    DMA_User_Init                            0x080007f9   Thumb Code   166  serial.o(i.DMA_User_Init)
    DebugMon_Handler                         0x080008b1   Thumb Code     2  system_timetick.o(i.DebugMon_Handler)
    Encoder_Config                           0x080008b5   Thumb Code   148  motor.o(i.Encoder_Config)
    GPIO_Config                              0x08000951   Thumb Code    84  motor.o(i.GPIO_Config)
    GPIO_Init                                0x080009ad   Thumb Code   144  stm32f4xx_gpio.o(i.GPIO_Init)
    GPIO_PinAFConfig                         0x08000a3d   Thumb Code    70  stm32f4xx_gpio.o(i.GPIO_PinAFConfig)
    GPIO_ResetBits                           0x08000a83   Thumb Code     4  stm32f4xx_gpio.o(i.GPIO_ResetBits)
    GPIO_SetBits                             0x08000a87   Thumb Code     4  stm32f4xx_gpio.o(i.GPIO_SetBits)
    GPIO_ToggleBits                          0x08000a8b   Thumb Code     8  stm32f4xx_gpio.o(i.GPIO_ToggleBits)
    HardFault_Handler                        0x08000a93   Thumb Code     4  system_timetick.o(i.HardFault_Handler)
    MemManage_Handler                        0x08000a97   Thumb Code     4  system_timetick.o(i.MemManage_Handler)
    MotorGetPulse                            0x08000a9d   Thumb Code    14  motor.o(i.MotorGetPulse)
    MotorInit                                0x08000ab1   Thumb Code    68  motor.o(i.MotorInit)
    MotorMoveVel                             0x08000b05   Thumb Code   206  motor.o(i.MotorMoveVel)
    MotorReset                               0x08000bf1   Thumb Code   104  motor.o(i.MotorReset)
    MotorSetDir                              0x08000c71   Thumb Code    62  motor.o(i.MotorSetDir)
    MotorSetDuty                             0x08000cb5   Thumb Code     6  motor.o(i.MotorSetDuty)
    MotorStart                               0x08000cc1   Thumb Code    28  motor.o(i.MotorStart)
    NMI_Handler                              0x08000ce5   Thumb Code     2  system_timetick.o(i.NMI_Handler)
    NVIC_Init                                0x08000ce9   Thumb Code   106  misc.o(i.NVIC_Init)
    PIDCompute                               0x08000d61   Thumb Code   148  pid.o(i.PIDCompute)
    PIDInit                                  0x08000dfd   Thumb Code    48  pid.o(i.PIDInit)
    PIDReset                                 0x08000e31   Thumb Code    28  pid.o(i.PIDReset)
    PWM_Init                                 0x08000e55   Thumb Code   148  motor.o(i.PWM_Init)
    PendSV_Handler                           0x08000ef5   Thumb Code     2  system_timetick.o(i.PendSV_Handler)
    RCC_AHB1PeriphClockCmd                   0x08000ef9   Thumb Code    26  stm32f4xx_rcc.o(i.RCC_AHB1PeriphClockCmd)
    RCC_APB1PeriphClockCmd                   0x08000f19   Thumb Code    26  stm32f4xx_rcc.o(i.RCC_APB1PeriphClockCmd)
    RCC_GetClocksFreq                        0x08000f39   Thumb Code   214  stm32f4xx_rcc.o(i.RCC_GetClocksFreq)
    SVC_Handler                              0x08001021   Thumb Code     2  system_timetick.o(i.SVC_Handler)
    SerialReadComm                           0x08001025   Thumb Code    62  serial.o(i.SerialReadComm)
    SerialWriteComm                          0x08001071   Thumb Code   130  serial.o(i.SerialWriteComm)
    StrCompare                               0x080011f5   Thumb Code    32  serial.o(i.StrCompare)
    SysTick_Handler                          0x08001215   Thumb Code    18  system_timetick.o(i.SysTick_Handler)
    SystemInit                               0x08001231   Thumb Code    88  system_stm32f4xx.o(i.SystemInit)
    TIM2_IRQHandler                          0x080013bd   Thumb Code    76  timer.o(i.TIM2_IRQHandler)
    TIM3_GPIOC_Config                        0x08001415   Thumb Code    60  motor.o(i.TIM3_GPIOC_Config)
    TIM_ClearFlag                            0x08001455   Thumb Code     6  stm32f4xx_tim.o(i.TIM_ClearFlag)
    TIM_Cmd                                  0x0800145b   Thumb Code    24  stm32f4xx_tim.o(i.TIM_Cmd)
    TIM_EncoderInterfaceConfig               0x08001473   Thumb Code    66  stm32f4xx_tim.o(i.TIM_EncoderInterfaceConfig)
    TIM_GetCounter                           0x080014b5   Thumb Code     6  stm32f4xx_tim.o(i.TIM_GetCounter)
    TIM_ICInit                               0x080014bb   Thumb Code   110  stm32f4xx_tim.o(i.TIM_ICInit)
    TIM_ITConfig                             0x08001529   Thumb Code    18  stm32f4xx_tim.o(i.TIM_ITConfig)
    TIM_OC1Init                              0x0800153d   Thumb Code   114  stm32f4xx_tim.o(i.TIM_OC1Init)
    TIM_OC1PreloadConfig                     0x080015b9   Thumb Code    18  stm32f4xx_tim.o(i.TIM_OC1PreloadConfig)
    TIM_PrescalerConfig                      0x080015cb   Thumb Code     6  stm32f4xx_tim.o(i.TIM_PrescalerConfig)
    TIM_SetCounter                           0x080015d1   Thumb Code     4  stm32f4xx_tim.o(i.TIM_SetCounter)
    TIM_SetIC1Prescaler                      0x080015d5   Thumb Code    18  stm32f4xx_tim.o(i.TIM_SetIC1Prescaler)
    TIM_SetIC2Prescaler                      0x080015e7   Thumb Code    26  stm32f4xx_tim.o(i.TIM_SetIC2Prescaler)
    TIM_SetIC3Prescaler                      0x08001601   Thumb Code    18  stm32f4xx_tim.o(i.TIM_SetIC3Prescaler)
    TIM_SetIC4Prescaler                      0x08001613   Thumb Code    26  stm32f4xx_tim.o(i.TIM_SetIC4Prescaler)
    TIM_TimeBaseInit                         0x0800162d   Thumb Code   104  stm32f4xx_tim.o(i.TIM_TimeBaseInit)
    UART4_User_Init                          0x080016b1   Thumb Code   162  serial.o(i.UART4_User_Init)
    USART_Cmd                                0x0800175d   Thumb Code    24  stm32f4xx_usart.o(i.USART_Cmd)
    USART_DMACmd                             0x08001775   Thumb Code    18  stm32f4xx_usart.o(i.USART_DMACmd)
    USART_Init                               0x08001789   Thumb Code   204  stm32f4xx_usart.o(i.USART_Init)
    UsageFault_Handler                       0x0800185d   Thumb Code     4  system_timetick.o(i.UsageFault_Handler)
    __ARM_fpclassify                         0x08001861   Thumb Code    48  fpclassify.o(i.__ARM_fpclassify)
    __hardfp_pow                             0x08001891   Thumb Code  3072  pow.o(i.__hardfp_pow)
    __kernel_poly                            0x080024e1   Thumb Code   248  poly.o(i.__kernel_poly)
    __mathlib_dbl_divzero                    0x080025d9   Thumb Code    28  dunder.o(i.__mathlib_dbl_divzero)
    __mathlib_dbl_infnan2                    0x08002609   Thumb Code    20  dunder.o(i.__mathlib_dbl_infnan2)
    __mathlib_dbl_invalid                    0x08002621   Thumb Code    24  dunder.o(i.__mathlib_dbl_invalid)
    __mathlib_dbl_overflow                   0x08002641   Thumb Code    24  dunder.o(i.__mathlib_dbl_overflow)
    __mathlib_dbl_underflow                  0x08002661   Thumb Code    24  dunder.o(i.__mathlib_dbl_underflow)
    delay_01ms                               0x08002681   Thumb Code    66  main.o(i.delay_01ms)
    fabs                                     0x080026c9   Thumb Code    24  fabs.o(i.fabs)
    init_main                                0x080026e1   Thumb Code    50  main.o(i.init_main)
    main                                     0x08002721   Thumb Code   828  main.o(i.main)
    sqrt                                     0x08002ac5   Thumb Code   110  sqrt.o(i.sqrt)
    timer2_Config                            0x08002b33   Thumb Code   108  timer.o(i.timer2_Config)
    __aeabi_dneg                             0x08002b9f   Thumb Code     0  basic.o(x$fpl$basic)
    _dneg                                    0x08002b9f   Thumb Code     6  basic.o(x$fpl$basic)
    __aeabi_fneg                             0x08002ba5   Thumb Code     0  basic.o(x$fpl$basic)
    _fneg                                    0x08002ba5   Thumb Code     6  basic.o(x$fpl$basic)
    _dabs                                    0x08002bab   Thumb Code     6  basic.o(x$fpl$basic)
    _fabs                                    0x08002bb1   Thumb Code     6  basic.o(x$fpl$basic)
    __aeabi_d2f                              0x08002bb9   Thumb Code     0  d2f.o(x$fpl$d2f)
    _d2f                                     0x08002bb9   Thumb Code    98  d2f.o(x$fpl$d2f)
    __aeabi_dadd                             0x08002c1d   Thumb Code     0  daddsub_clz.o(x$fpl$dadd)
    _dadd                                    0x08002c1d   Thumb Code   332  daddsub_clz.o(x$fpl$dadd)
    __fpl_dcheck_NaN1                        0x08002d6d   Thumb Code    10  dcheck1.o(x$fpl$dcheck1)
    __fpl_dcmp_Inf                           0x08002d7d   Thumb Code    24  dcmpi.o(x$fpl$dcmpinf)
    __aeabi_ddiv                             0x08002d95   Thumb Code     0  ddiv.o(x$fpl$ddiv)
    _ddiv                                    0x08002d95   Thumb Code   552  ddiv.o(x$fpl$ddiv)
    __aeabi_i2d                              0x08003045   Thumb Code     0  dflt_clz.o(x$fpl$dflt)
    _dflt                                    0x08003045   Thumb Code    46  dflt_clz.o(x$fpl$dflt)
    __aeabi_cdcmple                          0x08003075   Thumb Code     0  dleqf.o(x$fpl$dleqf)
    _dcmple                                  0x08003075   Thumb Code   120  dleqf.o(x$fpl$dleqf)
    __fpl_dcmple_InfNaN                      0x080030d7   Thumb Code     0  dleqf.o(x$fpl$dleqf)
    __aeabi_dmul                             0x080030ed   Thumb Code     0  dmul.o(x$fpl$dmul)
    _dmul                                    0x080030ed   Thumb Code   332  dmul.o(x$fpl$dmul)
    __fpl_dnaninf                            0x08003241   Thumb Code   156  dnaninf.o(x$fpl$dnaninf)
    __fpl_dretinf                            0x080032dd   Thumb Code    12  dretinf.o(x$fpl$dretinf)
    __aeabi_cdrcmple                         0x080032e9   Thumb Code     0  drleqf.o(x$fpl$drleqf)
    _drcmple                                 0x080032e9   Thumb Code   108  drleqf.o(x$fpl$drleqf)
    __aeabi_drsub                            0x08003355   Thumb Code     0  daddsub_clz.o(x$fpl$drsb)
    _drsb                                    0x08003355   Thumb Code    22  daddsub_clz.o(x$fpl$drsb)
    _dsqrt                                   0x0800336d   Thumb Code   404  dsqrt_umaal.o(x$fpl$dsqrt)
    __aeabi_dsub                             0x08003505   Thumb Code     0  daddsub_clz.o(x$fpl$dsub)
    _dsub                                    0x08003505   Thumb Code   464  daddsub_clz.o(x$fpl$dsub)
    __aeabi_f2d                              0x080036d9   Thumb Code     0  f2d.o(x$fpl$f2d)
    _f2d                                     0x080036d9   Thumb Code    86  f2d.o(x$fpl$f2d)
    __fpl_fnaninf                            0x0800372f   Thumb Code   140  fnaninf.o(x$fpl$fnaninf)
    _fp_init                                 0x080037bb   Thumb Code    10  fpinit.o(x$fpl$fpinit)
    __fplib_config_fpu_vfp                   0x080037c3   Thumb Code     0  fpinit.o(x$fpl$fpinit)
    __fplib_config_pureend_doubles           0x080037c3   Thumb Code     0  fpinit.o(x$fpl$fpinit)
    __fpl_fretinf                            0x080037c5   Thumb Code    10  fretinf.o(x$fpl$fretinf)
    __fpl_return_NaN                         0x080037cf   Thumb Code   100  retnan.o(x$fpl$retnan)
    __ARM_scalbn                             0x08003833   Thumb Code    92  scalbn.o(x$fpl$scalbn)
    __fpl_cmpreturn                          0x0800388f   Thumb Code    48  trapv.o(x$fpl$trapveneer)
    __I$use$fp                               0x080038be   Number         0  usenofp.o(x$fpl$usenofp)
    __mathlib_zero                           0x08003948   Data           8  qnan.o(.constdata)
    Region$$Table$$Base                      0x08003950   Number         0  anon$$obj.o(Region$$Table)
    Region$$Table$$Limit                     0x08003970   Number         0  anon$$obj.o(Region$$Table)
    tProcess                                 0x20000000   Data           1  motor.o(.data)
    tProfile                                 0x20000004   Data           4  motor.o(.data)
    g_nDutyCycle                             0x20000008   Data           4  motor.o(.data)
    g_dCmdVel                                0x2000000c   Data           4  motor.o(.data)
    g_nActPulse                              0x20000010   Data           4  motor.o(.data)
    g_nCmdPulse                              0x20000014   Data           4  motor.o(.data)
    g_nIndex                                 0x20000018   Data           2  motor.o(.data)
    g_nPrePulse                              0x2000001c   Data           4  motor.o(.data)
    recieve_flag                             0x20000020   Data           1  serial.o(.data)
    g_strCommand                             0x20000021   Data           4  serial.o(.data)
    g_strOpt                                 0x20000025   Data           3  serial.o(.data)
    g_Flow_control                           0x20000028   Data           1  serial.o(.data)
    bDataAvailable                           0x20000029   Data           1  serial.o(.data)
    STX                                      0x2000002a   Data           1  serial.o(.data)
    ETX                                      0x2000002b   Data           1  serial.o(.data)
    SYN                                      0x2000002c   Data           1  serial.o(.data)
    ACK                                      0x2000002d   Data           1  serial.o(.data)
    NAK                                      0x2000002e   Data           1  serial.o(.data)
    SystemCoreClock                          0x20000030   Data           4  system_stm32f4xx.o(.data)
    AHBPrescTable                            0x20000034   Data          16  system_stm32f4xx.o(.data)
    tick_count                               0x20000044   Data           4  system_timetick.o(.data)
    tick_flag                                0x20000048   Data           4  system_timetick.o(.data)
    g_dPIDError                              0x2000004c   Data           4  pid.o(.data)
    g_strTxCommand                           0x20000050   Data           4  main.o(.data)
    g_nTxOption                              0x20000054   Data           3  main.o(.data)
    tPIDControl                              0x20000068   Data          36  motor.o(.bss)
    rxbuff                                   0x2000008c   Data          20  serial.o(.bss)
    txbuff                                   0x200000a0   Data          20  serial.o(.bss)
    g_strData                                0x200000b4   Data          10  serial.o(.bss)
    g_nTxData                                0x200000be   Data          10  main.o(.bss)
    __libspace_start                         0x200000c8   Data          96  libspace.o(.bss)
    __temporary_stack_top$libspace           0x20000128   Data           0  libspace.o(.bss)



==============================================================================

Memory Map of the image

  Image Entry point : 0x08000189

  Load Region LR_IROM1 (Base: 0x08000000, Size: 0x000039d8, Max: 0x00100000, ABSOLUTE)

    Execution Region ER_IROM1 (Base: 0x08000000, Size: 0x00003970, Max: 0x00100000, ABSOLUTE)

    Base Addr    Size         Type   Attr      Idx    E Section Name        Object

    0x08000000   0x00000188   Data   RO          448    RESET               startup_stm32f40_41xxx.o
    0x08000188   0x00000008   Code   RO         2041  * !!!main             c_w.l(__main.o)
    0x08000190   0x00000034   Code   RO         2351    !!!scatter          c_w.l(__scatter.o)
    0x080001c4   0x0000001a   Code   RO         2353    !!handler_copy      c_w.l(__scatter_copy.o)
    0x080001de   0x00000002   PAD
    0x080001e0   0x0000001c   Code   RO         2355    !!handler_zi        c_w.l(__scatter_zi.o)
    0x080001fc   0x00000002   Code   RO         2284    .ARM.Collect$$libinit$$00000000  c_w.l(libinit.o)
    0x080001fe   0x00000004   Code   RO         2105    .ARM.Collect$$libinit$$00000001  c_w.l(libinit2.o)
    0x08000202   0x00000000   Code   RO         2108    .ARM.Collect$$libinit$$00000004  c_w.l(libinit2.o)
    0x08000202   0x00000008   Code   RO         2109    .ARM.Collect$$libinit$$00000005  c_w.l(libinit2.o)
    0x0800020a   0x00000000   Code   RO         2111    .ARM.Collect$$libinit$$0000000A  c_w.l(libinit2.o)
    0x0800020a   0x00000000   Code   RO         2113    .ARM.Collect$$libinit$$0000000C  c_w.l(libinit2.o)
    0x0800020a   0x00000000   Code   RO         2115    .ARM.Collect$$libinit$$0000000E  c_w.l(libinit2.o)
    0x0800020a   0x00000000   Code   RO         2118    .ARM.Collect$$libinit$$00000011  c_w.l(libinit2.o)
    0x0800020a   0x00000000   Code   RO         2120    .ARM.Collect$$libinit$$00000013  c_w.l(libinit2.o)
    0x0800020a   0x00000000   Code   RO         2122    .ARM.Collect$$libinit$$00000015  c_w.l(libinit2.o)
    0x0800020a   0x00000000   Code   RO         2124    .ARM.Collect$$libinit$$00000017  c_w.l(libinit2.o)
    0x0800020a   0x00000000   Code   RO         2126    .ARM.Collect$$libinit$$00000019  c_w.l(libinit2.o)
    0x0800020a   0x00000000   Code   RO         2128    .ARM.Collect$$libinit$$0000001B  c_w.l(libinit2.o)
    0x0800020a   0x00000000   Code   RO         2130    .ARM.Collect$$libinit$$0000001D  c_w.l(libinit2.o)
    0x0800020a   0x00000000   Code   RO         2132    .ARM.Collect$$libinit$$0000001F  c_w.l(libinit2.o)
    0x0800020a   0x00000000   Code   RO         2134    .ARM.Collect$$libinit$$00000021  c_w.l(libinit2.o)
    0x0800020a   0x00000000   Code   RO         2136    .ARM.Collect$$libinit$$00000023  c_w.l(libinit2.o)
    0x0800020a   0x00000000   Code   RO         2138    .ARM.Collect$$libinit$$00000025  c_w.l(libinit2.o)
    0x0800020a   0x00000000   Code   RO         2142    .ARM.Collect$$libinit$$0000002C  c_w.l(libinit2.o)
    0x0800020a   0x00000000   Code   RO         2144    .ARM.Collect$$libinit$$0000002E  c_w.l(libinit2.o)
    0x0800020a   0x00000000   Code   RO         2146    .ARM.Collect$$libinit$$00000030  c_w.l(libinit2.o)
    0x0800020a   0x00000000   Code   RO         2148    .ARM.Collect$$libinit$$00000032  c_w.l(libinit2.o)
    0x0800020a   0x00000002   Code   RO         2149    .ARM.Collect$$libinit$$00000033  c_w.l(libinit2.o)
    0x0800020c   0x00000002   Code   RO         2348    .ARM.Collect$$libshutdown$$00000000  c_w.l(libshutdown.o)
    0x0800020e   0x00000000   Code   RO         2302    .ARM.Collect$$libshutdown$$00000002  c_w.l(libshutdown2.o)
    0x0800020e   0x00000000   Code   RO         2304    .ARM.Collect$$libshutdown$$00000004  c_w.l(libshutdown2.o)
    0x0800020e   0x00000000   Code   RO         2307    .ARM.Collect$$libshutdown$$00000007  c_w.l(libshutdown2.o)
    0x0800020e   0x00000000   Code   RO         2310    .ARM.Collect$$libshutdown$$0000000A  c_w.l(libshutdown2.o)
    0x0800020e   0x00000000   Code   RO         2312    .ARM.Collect$$libshutdown$$0000000C  c_w.l(libshutdown2.o)
    0x0800020e   0x00000000   Code   RO         2315    .ARM.Collect$$libshutdown$$0000000F  c_w.l(libshutdown2.o)
    0x0800020e   0x00000002   Code   RO         2316    .ARM.Collect$$libshutdown$$00000010  c_w.l(libshutdown2.o)
    0x08000210   0x00000000   Code   RO         2073    .ARM.Collect$$rtentry$$00000000  c_w.l(__rtentry.o)
    0x08000210   0x00000000   Code   RO         2216    .ARM.Collect$$rtentry$$00000002  c_w.l(__rtentry2.o)
    0x08000210   0x00000006   Code   RO         2228    .ARM.Collect$$rtentry$$00000004  c_w.l(__rtentry4.o)
    0x08000216   0x00000000   Code   RO         2218    .ARM.Collect$$rtentry$$00000009  c_w.l(__rtentry2.o)
    0x08000216   0x00000004   Code   RO         2219    .ARM.Collect$$rtentry$$0000000A  c_w.l(__rtentry2.o)
    0x0800021a   0x00000000   Code   RO         2221    .ARM.Collect$$rtentry$$0000000C  c_w.l(__rtentry2.o)
    0x0800021a   0x00000008   Code   RO         2222    .ARM.Collect$$rtentry$$0000000D  c_w.l(__rtentry2.o)
    0x08000222   0x00000002   Code   RO         2291    .ARM.Collect$$rtexit$$00000000  c_w.l(rtexit.o)
    0x08000224   0x00000000   Code   RO         2322    .ARM.Collect$$rtexit$$00000002  c_w.l(rtexit2.o)
    0x08000224   0x00000004   Code   RO         2323    .ARM.Collect$$rtexit$$00000003  c_w.l(rtexit2.o)
    0x08000228   0x00000006   Code   RO         2324    .ARM.Collect$$rtexit$$00000004  c_w.l(rtexit2.o)
    0x0800022e   0x00000002   PAD
    0x08000230   0x00000000   Code   RO         2237    .emb_text           c_w.l(maybetermalloc1.o)
    0x08000230   0x00000040   Code   RO          449    .text               startup_stm32f40_41xxx.o
    0x08000270   0x0000005e   Code   RO         1981    .text               c_w.l(h1_alloc.o)
    0x080002ce   0x0000004e   Code   RO         1983    .text               c_w.l(h1_free.o)
    0x0800031c   0x00000006   Code   RO         2039    .text               c_w.l(heapauxi.o)
    0x08000322   0x00000002   PAD
    0x08000324   0x00000008   Code   RO         2077    .text               c_w.l(rt_heap_descriptor_intlibspace.o)
    0x0800032c   0x00000004   Code   RO         2079    .text               c_w.l(hguard.o)
    0x08000330   0x0000008a   Code   RO         2081    .text               c_w.l(init_alloc.o)
    0x080003ba   0x0000000e   Code   RO         2085    .text               c_w.l(h1_init.o)
    0x080003c8   0x00000016   Code   RO         2099    .text               c_w.l(_rserrno.o)
    0x080003de   0x00000002   PAD
    0x080003e0   0x00000008   Code   RO         2212    .text               c_w.l(libspace.o)
    0x080003e8   0x00000008   Code   RO         2233    .text               c_w.l(rt_errno_addr_intlibspace.o)
    0x080003f0   0x00000034   Code   RO         2239    .text               c_w.l(h1_extend.o)
    0x08000424   0x0000000e   Code   RO         2243    .text               c_w.l(defsig_rtmem_outer.o)
    0x08000432   0x00000002   Code   RO         2260    .text               c_w.l(use_no_semi.o)
    0x08000434   0x00000000   Code   RO         2262    .text               c_w.l(indicate_semi.o)
    0x08000434   0x0000004a   Code   RO         2263    .text               c_w.l(sys_stackheap_outer.o)
    0x0800047e   0x00000012   Code   RO         2269    .text               c_w.l(exit.o)
    0x08000490   0x0000000a   Code   RO         2271    .text               c_w.l(defsig_exit.o)
    0x0800049a   0x00000002   PAD
    0x0800049c   0x00000050   Code   RO         2273    .text               c_w.l(defsig_rtmem_inner.o)
    0x080004ec   0x0000000c   Code   RO         2289    .text               c_w.l(sys_exit.o)
    0x080004f8   0x00000032   Code   RO         2299    .text               c_w.l(defsig_general.o)
    0x0800052a   0x0000000e   Code   RO         2319    .text               c_w.l(sys_wrch.o)
    0x08000538   0x00000004   Code   RO          371    i.BusFault_Handler  system_timetick.o
    0x0800053c   0x00000034   Code   RO            4    i.ConvertPulseToVel  motor.o
    0x08000570   0x00000050   Code   RO            5    i.ConvertVelToPulse  motor.o
    0x080005c0   0x00000128   Code   RO          243    i.DMA1_Stream2_IRQHandler  serial.o
    0x080006e8   0x00000034   Code   RO         1744    i.DMA_ClearFlag     stm32f4xx_dma.o
    0x0800071c   0x00000034   Code   RO         1745    i.DMA_ClearITPendingBit  stm32f4xx_dma.o
    0x08000750   0x00000016   Code   RO         1746    i.DMA_Cmd           stm32f4xx_dma.o
    0x08000766   0x0000003a   Code   RO         1757    i.DMA_ITConfig      stm32f4xx_dma.o
    0x080007a0   0x00000058   Code   RO         1758    i.DMA_Init          stm32f4xx_dma.o
    0x080007f8   0x000000b8   Code   RO          244    i.DMA_User_Init     serial.o
    0x080008b0   0x00000002   Code   RO          372    i.DebugMon_Handler  system_timetick.o
    0x080008b2   0x00000002   PAD
    0x080008b4   0x0000009c   Code   RO            6    i.Encoder_Config    motor.o
    0x08000950   0x0000005c   Code   RO            7    i.GPIO_Config       motor.o
    0x080009ac   0x00000090   Code   RO         1877    i.GPIO_Init         stm32f4xx_gpio.o
    0x08000a3c   0x00000046   Code   RO         1878    i.GPIO_PinAFConfig  stm32f4xx_gpio.o
    0x08000a82   0x00000004   Code   RO         1884    i.GPIO_ResetBits    stm32f4xx_gpio.o
    0x08000a86   0x00000004   Code   RO         1885    i.GPIO_SetBits      stm32f4xx_gpio.o
    0x08000a8a   0x00000008   Code   RO         1887    i.GPIO_ToggleBits   stm32f4xx_gpio.o
    0x08000a92   0x00000004   Code   RO          373    i.HardFault_Handler  system_timetick.o
    0x08000a96   0x00000004   Code   RO          374    i.MemManage_Handler  system_timetick.o
    0x08000a9a   0x00000002   PAD
    0x08000a9c   0x00000014   Code   RO            8    i.MotorGetPulse     motor.o
    0x08000ab0   0x00000054   Code   RO            9    i.MotorInit         motor.o
    0x08000b04   0x000000ec   Code   RO           10    i.MotorMoveVel      motor.o
    0x08000bf0   0x00000080   Code   RO           11    i.MotorReset        motor.o
    0x08000c70   0x00000044   Code   RO           12    i.MotorSetDir       motor.o
    0x08000cb4   0x0000000c   Code   RO           13    i.MotorSetDuty      motor.o
    0x08000cc0   0x00000024   Code   RO           14    i.MotorStart        motor.o
    0x08000ce4   0x00000002   Code   RO          375    i.NMI_Handler       system_timetick.o
    0x08000ce6   0x00000002   PAD
    0x08000ce8   0x00000078   Code   RO          580    i.NVIC_Init         misc.o
    0x08000d60   0x0000009c   Code   RO          490    i.PIDCompute        pid.o
    0x08000dfc   0x00000034   Code   RO          491    i.PIDInit           pid.o
    0x08000e30   0x00000024   Code   RO          492    i.PIDReset          pid.o
    0x08000e54   0x000000a0   Code   RO           16    i.PWM_Init          motor.o
    0x08000ef4   0x00000002   Code   RO          376    i.PendSV_Handler    system_timetick.o
    0x08000ef6   0x00000002   PAD
    0x08000ef8   0x00000020   Code   RO          654    i.RCC_AHB1PeriphClockCmd  stm32f4xx_rcc.o
    0x08000f18   0x00000020   Code   RO          663    i.RCC_APB1PeriphClockCmd  stm32f4xx_rcc.o
    0x08000f38   0x000000e8   Code   RO          675    i.RCC_GetClocksFreq  stm32f4xx_rcc.o
    0x08001020   0x00000002   Code   RO          377    i.SVC_Handler       system_timetick.o
    0x08001022   0x00000002   PAD
    0x08001024   0x0000004c   Code   RO          246    i.SerialReadComm    serial.o
    0x08001070   0x00000098   Code   RO          247    i.SerialWriteComm   serial.o
    0x08001108   0x000000ec   Code   RO          330    i.SetSysClock       system_stm32f4xx.o
    0x080011f4   0x00000020   Code   RO          249    i.StrCompare        serial.o
    0x08001214   0x0000001c   Code   RO          378    i.SysTick_Handler   system_timetick.o
    0x08001230   0x00000068   Code   RO          332    i.SystemInit        system_stm32f4xx.o
    0x08001298   0x0000003a   Code   RO          986    i.TI1_Config        stm32f4xx_tim.o
    0x080012d2   0x00000050   Code   RO          987    i.TI2_Config        stm32f4xx_tim.o
    0x08001322   0x00000048   Code   RO          988    i.TI3_Config        stm32f4xx_tim.o
    0x0800136a   0x00000050   Code   RO          989    i.TI4_Config        stm32f4xx_tim.o
    0x080013ba   0x00000002   PAD
    0x080013bc   0x00000058   Code   RO          456    i.TIM2_IRQHandler   timer.o
    0x08001414   0x00000040   Code   RO           17    i.TIM3_GPIOC_Config  motor.o
    0x08001454   0x00000006   Code   RO          996    i.TIM_ClearFlag     stm32f4xx_tim.o
    0x0800145a   0x00000018   Code   RO         1002    i.TIM_Cmd           stm32f4xx_tim.o
    0x08001472   0x00000042   Code   RO         1011    i.TIM_EncoderInterfaceConfig  stm32f4xx_tim.o
    0x080014b4   0x00000006   Code   RO         1021    i.TIM_GetCounter    stm32f4xx_tim.o
    0x080014ba   0x0000006e   Code   RO         1025    i.TIM_ICInit        stm32f4xx_tim.o
    0x08001528   0x00000012   Code   RO         1027    i.TIM_ITConfig      stm32f4xx_tim.o
    0x0800153a   0x00000002   PAD
    0x0800153c   0x0000007c   Code   RO         1031    i.TIM_OC1Init       stm32f4xx_tim.o
    0x080015b8   0x00000012   Code   RO         1034    i.TIM_OC1PreloadConfig  stm32f4xx_tim.o
    0x080015ca   0x00000006   Code   RO         1051    i.TIM_PrescalerConfig  stm32f4xx_tim.o
    0x080015d0   0x00000004   Code   RO         1068    i.TIM_SetCounter    stm32f4xx_tim.o
    0x080015d4   0x00000012   Code   RO         1069    i.TIM_SetIC1Prescaler  stm32f4xx_tim.o
    0x080015e6   0x0000001a   Code   RO         1070    i.TIM_SetIC2Prescaler  stm32f4xx_tim.o
    0x08001600   0x00000012   Code   RO         1071    i.TIM_SetIC3Prescaler  stm32f4xx_tim.o
    0x08001612   0x0000001a   Code   RO         1072    i.TIM_SetIC4Prescaler  stm32f4xx_tim.o
    0x0800162c   0x00000084   Code   RO         1074    i.TIM_TimeBaseInit  stm32f4xx_tim.o
    0x080016b0   0x000000ac   Code   RO          250    i.UART4_User_Init   serial.o
    0x0800175c   0x00000018   Code   RO         1556    i.USART_Cmd         stm32f4xx_usart.o
    0x08001774   0x00000012   Code   RO         1557    i.USART_DMACmd      stm32f4xx_usart.o
    0x08001786   0x00000002   PAD
    0x08001788   0x000000d4   Code   RO         1563    i.USART_Init        stm32f4xx_usart.o
    0x0800185c   0x00000004   Code   RO          379    i.UsageFault_Handler  system_timetick.o
    0x08001860   0x00000030   Code   RO         2193    i.__ARM_fpclassify  m_wm.l(fpclassify.o)
    0x08001890   0x00000c50   Code   RO         2057    i.__hardfp_pow      m_wm.l(pow.o)
    0x080024e0   0x000000f8   Code   RO         2195    i.__kernel_poly     m_wm.l(poly.o)
    0x080025d8   0x00000030   Code   RO         2173    i.__mathlib_dbl_divzero  m_wm.l(dunder.o)
    0x08002608   0x00000014   Code   RO         2175    i.__mathlib_dbl_infnan2  m_wm.l(dunder.o)
    0x0800261c   0x00000004   PAD
    0x08002620   0x00000020   Code   RO         2176    i.__mathlib_dbl_invalid  m_wm.l(dunder.o)
    0x08002640   0x00000020   Code   RO         2177    i.__mathlib_dbl_overflow  m_wm.l(dunder.o)
    0x08002660   0x00000020   Code   RO         2179    i.__mathlib_dbl_underflow  m_wm.l(dunder.o)
    0x08002680   0x00000048   Code   RO          535    i.delay_01ms        main.o
    0x080026c8   0x00000018   Code   RO         2189    i.fabs              m_wm.l(fabs.o)
    0x080026e0   0x00000040   Code   RO          536    i.init_main         main.o
    0x08002720   0x000003a4   Code   RO          537    i.main              main.o
    0x08002ac4   0x0000006e   Code   RO         2200    i.sqrt              m_wm.l(sqrt.o)
    0x08002b32   0x0000006c   Code   RO          457    i.timer2_Config     timer.o
    0x08002b9e   0x00000018   Code   RO         2150    x$fpl$basic         fz_wm.l(basic.o)
    0x08002bb6   0x00000002   PAD
    0x08002bb8   0x00000062   Code   RO         2043    x$fpl$d2f           fz_wm.l(d2f.o)
    0x08002c1a   0x00000002   PAD
    0x08002c1c   0x00000150   Code   RO         2045    x$fpl$dadd          fz_wm.l(daddsub_clz.o)
    0x08002d6c   0x00000010   Code   RO         2252    x$fpl$dcheck1       fz_wm.l(dcheck1.o)
    0x08002d7c   0x00000018   Code   RO         2285    x$fpl$dcmpinf       fz_wm.l(dcmpi.o)
    0x08002d94   0x000002b0   Code   RO         2052    x$fpl$ddiv          fz_wm.l(ddiv.o)
    0x08003044   0x0000002e   Code   RO         2153    x$fpl$dflt          fz_wm.l(dflt_clz.o)
    0x08003072   0x00000002   PAD
    0x08003074   0x00000078   Code   RO         2254    x$fpl$dleqf         fz_wm.l(dleqf.o)
    0x080030ec   0x00000154   Code   RO         2158    x$fpl$dmul          fz_wm.l(dmul.o)
    0x08003240   0x0000009c   Code   RO         2160    x$fpl$dnaninf       fz_wm.l(dnaninf.o)
    0x080032dc   0x0000000c   Code   RO         2162    x$fpl$dretinf       fz_wm.l(dretinf.o)
    0x080032e8   0x0000006c   Code   RO         2164    x$fpl$drleqf        fz_wm.l(drleqf.o)
    0x08003354   0x00000016   Code   RO         2046    x$fpl$drsb          fz_wm.l(daddsub_clz.o)
    0x0800336a   0x00000002   PAD
    0x0800336c   0x00000198   Code   RO         2256    x$fpl$dsqrt         fz_wm.l(dsqrt_umaal.o)
    0x08003504   0x000001d4   Code   RO         2047    x$fpl$dsub          fz_wm.l(daddsub_clz.o)
    0x080036d8   0x00000056   Code   RO         2055    x$fpl$f2d           fz_wm.l(f2d.o)
    0x0800372e   0x0000008c   Code   RO         2166    x$fpl$fnaninf       fz_wm.l(fnaninf.o)
    0x080037ba   0x0000000a   Code   RO         2258    x$fpl$fpinit        fz_wm.l(fpinit.o)
    0x080037c4   0x0000000a   Code   RO         2168    x$fpl$fretinf       fz_wm.l(fretinf.o)
    0x080037ce   0x00000064   Code   RO         2287    x$fpl$retnan        fz_wm.l(retnan.o)
    0x08003832   0x0000005c   Code   RO         2170    x$fpl$scalbn        fz_wm.l(scalbn.o)
    0x0800388e   0x00000030   Code   RO         2317    x$fpl$trapveneer    fz_wm.l(trapv.o)
    0x080038be   0x00000000   Code   RO         2172    x$fpl$usenofp       fz_wm.l(usenofp.o)
    0x080038be   0x00000002   PAD
    0x080038c0   0x00000088   Data   RO         2060    .constdata          m_wm.l(pow.o)
    0x08003948   0x00000008   Data   RO         2197    .constdata          m_wm.l(qnan.o)
    0x08003950   0x00000020   Data   RO         2349    Region$$Table       anon$$obj.o


    Execution Region RW_IRAM1 (Base: 0x20000000, Size: 0x00000728, Max: 0x00020000, ABSOLUTE)

    Base Addr    Size         Type   Attr      Idx    E Section Name        Object

    0x20000000   0x00000020   Data   RW           19    .data               motor.o
    0x20000020   0x0000000f   Data   RW          252    .data               serial.o
    0x2000002f   0x00000001   PAD
    0x20000030   0x00000014   Data   RW          333    .data               system_stm32f4xx.o
    0x20000044   0x00000008   Data   RW          380    .data               system_timetick.o
    0x2000004c   0x00000004   Data   RW          494    .data               pid.o
    0x20000050   0x00000007   Data   RW          539    .data               main.o
    0x20000057   0x00000010   Data   RW          706    .data               stm32f4xx_rcc.o
    0x20000067   0x00000001   PAD
    0x20000068   0x00000024   Zero   RW           18    .bss                motor.o
    0x2000008c   0x00000032   Zero   RW          251    .bss                serial.o
    0x200000be   0x0000000a   Zero   RW          538    .bss                main.o
    0x200000c8   0x00000060   Zero   RW         2213    .bss                c_w.l(libspace.o)
    0x20000128   0x00000200   Zero   RW          447    HEAP                startup_stm32f40_41xxx.o
    0x20000328   0x00000400   Zero   RW          446    STACK               startup_stm32f40_41xxx.o


==============================================================================

Image component sizes


      Code (inc. data)   RO Data    RW Data    ZI Data      Debug   Object Name

      1068        132          0          7         10       3241   main.o
       120         14          0          0          0     229768   misc.o
      1188        142          0         32         36     302540   motor.o
       244         20          0          4          0       2184   pid.o
       912        132          0         15         50       5802   serial.o
        64         26        392          0       1536        828   startup_stm32f40_41xxx.o
       272         34          0          0          0       4520   stm32f4xx_dma.o
       230          0          0          0          0       3657   stm32f4xx_gpio.o
       296         30          0         16          0       4186   stm32f4xx_rcc.o
       892         38          0          0          0      13443   stm32f4xx_tim.o
       254          8          0          0          0       2816   stm32f4xx_usart.o
       340         32          0         20          0       1737   system_stm32f4xx.o
        52         10          0          8          0       4337   system_timetick.o
       196         20          0          0          0       1094   timer.o

    ----------------------------------------------------------------------
      6144        638        424        104       1632     580153   Object Totals
         0          0         32          0          0          0   (incl. Generated)
        16          0          0          2          0          0   (incl. Padding)

    ----------------------------------------------------------------------

      Code (inc. data)   RO Data    RW Data    ZI Data      Debug   Library Member Name

         8          0          0          0          0         68   __main.o
         0          0          0          0          0          0   __rtentry.o
        12          0          0          0          0          0   __rtentry2.o
         6          0          0          0          0          0   __rtentry4.o
        52          8          0          0          0          0   __scatter.o
        26          0          0          0          0          0   __scatter_copy.o
        28          0          0          0          0          0   __scatter_zi.o
        22          0          0          0          0        100   _rserrno.o
        10          0          0          0          0         68   defsig_exit.o
        50          0          0          0          0         88   defsig_general.o
        80         58          0          0          0         76   defsig_rtmem_inner.o
        14          0          0          0          0         80   defsig_rtmem_outer.o
        18          0          0          0          0         80   exit.o
        94          0          0          0          0         80   h1_alloc.o
        52          0          0          0          0         68   h1_extend.o
        78          0          0          0          0         80   h1_free.o
        14          0          0          0          0         84   h1_init.o
         6          0          0          0          0        152   heapauxi.o
         4          0          0          0          0        136   hguard.o
         0          0          0          0          0          0   indicate_semi.o
       138          0          0          0          0        168   init_alloc.o
         2          0          0          0          0          0   libinit.o
        14          0          0          0          0          0   libinit2.o
         2          0          0          0          0          0   libshutdown.o
         2          0          0          0          0          0   libshutdown2.o
         8          4          0          0         96         68   libspace.o
         0          0          0          0          0          0   maybetermalloc1.o
         8          4          0          0          0         68   rt_errno_addr_intlibspace.o
         8          4          0          0          0         68   rt_heap_descriptor_intlibspace.o
         2          0          0          0          0          0   rtexit.o
        10          0          0          0          0          0   rtexit2.o
        12          4          0          0          0         68   sys_exit.o
        74          0          0          0          0         80   sys_stackheap_outer.o
        14          0          0          0          0         76   sys_wrch.o
         2          0          0          0          0         68   use_no_semi.o
        24          0          0          0          0        164   basic.o
        98          4          0          0          0        140   d2f.o
       826         16          0          0          0        492   daddsub_clz.o
        16          4          0          0          0        116   dcheck1.o
        24          0          0          0          0        116   dcmpi.o
       688        140          0          0          0        256   ddiv.o
        46          0          0          0          0        116   dflt_clz.o
       120          4          0          0          0        140   dleqf.o
       340         12          0          0          0        152   dmul.o
       156          4          0          0          0        140   dnaninf.o
        12          0          0          0          0        116   dretinf.o
       108          0          0          0          0        128   drleqf.o
       408         56          0          0          0        168   dsqrt_umaal.o
        86          4          0          0          0        132   f2d.o
       140          4          0          0          0        132   fnaninf.o
        10          0          0          0          0        116   fpinit.o
        10          0          0          0          0        116   fretinf.o
       100          0          0          0          0        116   retnan.o
        92          0          0          0          0        116   scalbn.o
        48          0          0          0          0        116   trapv.o
         0          0          0          0          0          0   usenofp.o
       164         44          0          0          0        620   dunder.o
        24          0          0          0          0        124   fabs.o
        48          0          0          0          0        124   fpclassify.o
       248          0          0          0          0        152   poly.o
      3152        296        136          0          0        352   pow.o
         0          0          8          0          0          0   qnan.o
       110          0          0          0          0        148   sqrt.o

    ----------------------------------------------------------------------
      7992        670        144          0         96       6432   Library Totals
        24          0          0          0          0          0   (incl. Padding)

    ----------------------------------------------------------------------

      Code (inc. data)   RO Data    RW Data    ZI Data      Debug   Library Name

       870         82          0          0         96       1824   c_w.l
      3352        248          0          0          0       3088   fz_wm.l
      3746        340        144          0          0       1520   m_wm.l

    ----------------------------------------------------------------------
      7992        670        144          0         96       6432   Library Totals

    ----------------------------------------------------------------------

==============================================================================


      Code (inc. data)   RO Data    RW Data    ZI Data      Debug   

     14136       1308        568        104       1728     576049   Grand Totals
     14136       1308        568        104       1728     576049   ELF Image Totals
     14136       1308        568        104          0          0   ROM Totals

==============================================================================

    Total RO  Size (Code + RO Data)                14704 (  14.36kB)
    Total RW  Size (RW Data + ZI Data)              1832 (   1.79kB)
    Total ROM Size (Code + RO Data + RW Data)      14808 (  14.46kB)

==============================================================================

